2020-05-28 11:31:08.814 T:26737    INFO: CDVDAudioCodecAndroidMediaCodec Open Android MediaCodec amc-aac
2020-05-28 11:31:08.814 T:26737  NOTICE: Creating audio thread
2020-05-28 11:31:08.815 T:26737   DEBUG: CVideoPlayer::SetCaching - caching state 2
2020-05-28 11:31:08.815 T:26737   DEBUG: CDVDClock::SetSpeedAdjust - adjusted:0.000000
2020-05-28 11:31:08.815 T:26737   DEBUG: CVideoPlayer::HandleMessages - player 2 reported state: 0
2020-05-28 11:31:08.816 T:26491   DEBUG: OnAVChange: CApplication::OnAVChange
2020-05-28 11:31:08.818 T:26737   DEBUG: CDVDClock::SetSpeedAdjust - adjusted:-0.050000
2020-05-28 11:31:08.818 T:26775   DEBUG: Thread VideoPlayerAudio start, auto delete: false
2020-05-28 11:31:08.818 T:26775  NOTICE: running thread: CVideoPlayerAudio::Process()
2020-05-28 11:31:08.819 T:26775   DEBUG: CVideoPlayerAudio - CDVDMsg::GENERAL_PAUSE: 0
2020-05-28 11:31:08.819 T:26775   DEBUG: CDVDAudio::Pause - pausing audio stream
2020-05-28 11:31:08.823 T:26764   DEBUG: CurlFile::ParseAndCorrectUrl() adding custom header option 'connection: keep-alive'
2020-05-28 11:31:08.824 T:26764   DEBUG: CurlFile::Open(0x7a637a2780) https://sgdccdnems02.cdnsrv.jio.com/jiotv.live.cdn.jio.com/bpk-tv/TV_5_News_BTS/output/dash/TV_5_News_BTS-video=1290000-954381989371.dash?jct=n_IltsKdkZbcQX5GXPb80w&pxe=2535984944&st=c6f405eb515119b21f6fdedb4bc024dc
2020-05-28 11:31:09.522 T:26771   DEBUG: CurlFile::ParseAndCorrectUrl() adding custom header option 'connection: keep-alive'
2020-05-28 11:31:09.522 T:26771   DEBUG: CurlFile::Open(0x7a4b60e900) https://sgdccdnems02.cdnsrv.jio.com/jiotv.live.cdn.jio.com/bpk-tv/TV_5_News_BTS/output/dash/TV_5_News_BTS-audio_97234_und=97200-76350559149738.dash?jct=n_IltsKdkZbcQX5GXPb80w&pxe=2535984944&st=c6f405eb515119b21f6fdedb4bc024dc
2020-05-28 11:31:09.522 T:26771    INFO: easy_acquire - Created session to https://sgdccdnems02.cdnsrv.jio.com
2020-05-28 11:31:09.871 T:26764   DEBUG: AddOnLog: InputStream Adaptive: Download https://sgdccdnems02.cdnsrv.jio.com/jiotv.live.cdn.jio.com/bpk-tv/TV_5_News_BTS/output/dash/TV_5_News_BTS-video=1290000-954381989371.dash?jct=n_IltsKdkZbcQX5GXPb80w&pxe=2535984944&st=c6f405eb515119b21f6fdedb4bc024dc finished, avg speed: 85759.12byte/s, current speed: 293198.00byte/s
2020-05-28 11:31:11.099 T:26771   DEBUG: AddOnLog: InputStream Adaptive: Download https://sgdccdnems02.cdnsrv.jio.com/jiotv.live.cdn.jio.com/bpk-tv/TV_5_News_BTS/output/dash/TV_5_News_BTS-audio_97234_und=97200-76350559149738.dash?jct=n_IltsKdkZbcQX5GXPb80w&pxe=2535984944&st=c6f405eb515119b21f6fdedb4bc024dc finished, avg speed: 84106.45byte/s, current speed: 15693.00byte/s
2020-05-28 11:31:11.100 T:26737   DEBUG: CVideoPlayer::HandleMessages - player 1 reported state: 0
2020-05-28 11:31:11.100 T:26770    INFO: CVideoPlayerVideo - Stillframe left, switching to normal playback
2020-05-28 11:31:11.100 T:26770   DEBUG: CDVDVideoCodecAndroidMediaCodec::AddData current state (2)
2020-05-28 11:31:11.107 T:26764   DEBUG: CurlFile::ParseAndCorrectUrl() adding custom header option 'connection: keep-alive'
2020-05-28 11:31:11.107 T:26764   DEBUG: CurlFile::Open(0x7a637a2780) https://sgdccdnems02.cdnsrv.jio.com/jiotv.live.cdn.jio.com/bpk-tv/TV_5_News_BTS/output/dash/TV_5_News_BTS-video=1290000-954381990571.dash?jct=n_IltsKdkZbcQX5GXPb80w&pxe=2535984944&st=c6f405eb515119b21f6fdedb4bc024dc
2020-05-28 11:31:11.113 T:26775   DEBUG: CDVDAudioCodecAndroidMediaCodec:: sample_rate(0), channel_count(2)
2020-05-28 11:31:11.116 T:26775   DEBUG: CVideoPlayerAudio: stream props changed, checking for passthrough
2020-05-28 11:31:11.116 T:26775   DEBUG: CDVDAudioCodecAndroidMediaCodec::Open codec(86018), profile(-99), tag(0), extrasize(2)
2020-05-28 11:31:11.117 T:26775   DEBUG: CDVDAudioCodecAndroidMediaCodec::Open Initializing MediaCrypto
2020-05-28 11:31:11.144 T:26775  NOTICE: CDVDAudioCodecFFmpeg::Open() Successful opened audio decoder aac
2020-05-28 11:31:11.144 T:26775    INFO: CDVDAudioCodecAndroidMediaCodec Use raw decoder and decode using ff-aac
2020-05-28 11:31:11.157 T:26775    INFO: CDVDAudioCodecAndroidMediaCodec Open Android MediaCodec amc-aac
2020-05-28 11:31:11.169 T:26775   DEBUG: CVideoPlayerAudio: stream props changed, checking for passthrough
2020-05-28 11:31:11.169 T:26775   DEBUG: CDVDAudioCodecAndroidMediaCodec::Open codec(86018), profile(-99), tag(0), extrasize(2)
2020-05-28 11:31:11.170 T:26775   DEBUG: CDVDAudioCodecAndroidMediaCodec::Open Initializing MediaCrypto
2020-05-28 11:31:11.187 T:26775  NOTICE: CDVDAudioCodecFFmpeg::Open() Successful opened audio decoder aac
2020-05-28 11:31:11.187 T:26775    INFO: CDVDAudioCodecAndroidMediaCodec Use raw decoder and decode using ff-aac
2020-05-28 11:31:11.201 T:26775    INFO: CDVDAudioCodecAndroidMediaCodec Open Android MediaCodec amc-aac
2020-05-28 11:31:11.214 T:26775  NOTICE: Creating audio stream (codec id: 86018, channels: 2, sample rate: 48000, no pass-through)
2020-05-28 11:31:11.215 T:26775   DEBUG: CVideoPlayerAudio:: synctype set to 1: resample
2020-05-28 11:31:11.293 T:23535    INFO: CActiveAESink::OpenSink - initialize sink
2020-05-28 11:31:11.293 T:23535   DEBUG: Draining Audio
2020-05-28 11:31:11.293 T:23535   DEBUG: CAESinkAUDIOTRACK::Deinitialize
2020-05-28 11:31:11.296 T:23535   DEBUG: Flushing might not be properly implemented, sleeping: 158 ms
2020-05-28 11:31:11.334 T:26770   DEBUG: CDVDVideoCodecAndroidMediaCodec:: width(768), height(576), stride(768), slice-height(576), color-format(2141391878)
2020-05-28 11:31:11.335 T:26770   DEBUG: CDVDVideoCodecAndroidMediaCodec:: crop-left(0), crop-top(0), crop-right(767), crop-bottom(575)
2020-05-28 11:31:11.335 T:26770   DEBUG: CDVDVideoCodecAndroidMediaCodec:: Multi-Surface Rendering
2020-05-28 11:31:11.343 T:26770   DEBUG: CRenderManager::Configure - change configuration. 768x576. display: 768x432. framerate: 25.00.
2020-05-28 11:31:11.353 T:23524   DEBUG: DeleteRenderer - deleting renderer
2020-05-28 11:31:11.354 T:23524   DEBUG: LinuxRendererGLES: Cleaning up GLES resources
2020-05-28 11:31:11.357 T:23524  NOTICE: Instancing CRendererMediaCodecSurface
2020-05-28 11:31:11.357 T:23524  NOTICE: CRendererMediaCodecSurface::Configure
2020-05-28 11:31:11.357 T:23524   DEBUG: CRenderManager::Configure - 4
2020-05-28 11:31:11.454 T:23535   DEBUG: CAESinkAUDIOTRACK::Deinitialize
2020-05-28 11:31:11.455 T:23535   DEBUG: CActiveAESink::OpenSink - trying to open device AUDIOTRACK:AudioTrack
2020-05-28 11:31:11.455 T:23535   DEBUG: CAESinkAUDIOTRACK::Initialize requested: sampleRate 48000; format: AE_FMT_FLOATP; channels: 2
2020-05-28 11:31:11.455 T:23535   DEBUG: Updated SampleRate: 32000 Distance: 144000
2020-05-28 11:31:11.455 T:23535   DEBUG: Updated SampleRate: 44100 Distance: 35100
2020-05-28 11:31:11.455 T:23535   DEBUG: Updated SampleRate: 48000 Distance: 0
2020-05-28 11:31:11.455 T:23535  NOTICE: Trying to open: samplerate: 48000, channelMask: 12, encoding: 4
2020-05-28 11:31:11.457 T:23535   DEBUG: Minimum size we need for stream: 30784
2020-05-28 11:31:11.457 T:23535   DEBUG: Created Audiotrackbuffer with playing time of 160.333333 ms min buffer size: 61568 bytes
2020-05-28 11:31:11.473 T:23535  NOTICE: CAESinkAUDIOTRACK::Initializing with: m_sampleRate: 48000 format: AE_FMT_FLOAT (AE) method: PCM stream-type: PCM-STREAM min_buffer_size: 61568 m_frames: 3848 m_frameSize: 8 channels: 2
2020-05-28 11:31:11.473 T:23535   DEBUG: CActiveAESink::OpenSink - AUDIOTRACK Initialized:
2020-05-28 11:31:11.473 T:23535   DEBUG:   Output Device : android
2020-05-28 11:31:11.473 T:23535   DEBUG:   Sample Rate   : 48000
2020-05-28 11:31:11.473 T:23535   DEBUG:   Sample Format : AE_FMT_FLOAT
2020-05-28 11:31:11.473 T:23535   DEBUG:   Channel Count : 2
2020-05-28 11:31:11.473 T:23535   DEBUG:   Channel Layout: FL, FR
2020-05-28 11:31:11.473 T:23535   DEBUG:   Frames        : 3848
2020-05-28 11:31:11.473 T:23535   DEBUG:   Frame Size    : 8
2020-05-28 11:31:11.477 T:23534   DEBUG: CActiveAE::ClearDiscardedBuffers - buffer pool deleted
2020-05-28 11:31:11.695 T:26491   DEBUG: Previous line repeats 1 times.
2020-05-28 11:31:11.695 T:26491   DEBUG: OnAVChange: CApplication::OnAVChange
2020-05-28 11:31:11.697 T:26737   DEBUG: CVideoPlayer::HandleMessages - player started 2
2020-05-28 11:31:11.697 T:26737   DEBUG: CVideoPlayer::HandleMessages - player started 1
2020-05-28 11:31:11.698 T:26501   DEBUG: OnAVChange: CApplication::OnAVChange
2020-05-28 11:31:11.699 T:26737   DEBUG: CDVDClock::SetSpeedAdjust - adjusted:0.000000
2020-05-28 11:31:11.699 T:26737   DEBUG: VideoPlayer::Sync - Audio - pts: 1590636649251541.000000, cache: 413448.999094, totalcache: 760333.359241
2020-05-28 11:31:11.699 T:26737   DEBUG: VideoPlayer::Sync - Video - pts: 1590636649031666.000000, cache: 50000.000000, totalcache: 100000.000000
2020-05-28 11:31:11.700 T:26775   DEBUG: CVideoPlayerAudio - CDVDMsg::GENERAL_RESYNC(1590636648091207.750000), level: 20, cache: 336553.598872
2020-05-28 11:31:11.700 T:26775   DEBUG: CDVDAudio::Resume - resume audio stream
2020-05-28 11:31:11.700 T:23534   DEBUG: ActiveAE - start sync of audio stream
2020-05-28 11:31:11.700 T:26770   DEBUG: CVideoPlayerVideo - CDVDMsg::GENERAL_RESYNC(1590636648091207.750000)
2020-05-28 11:31:11.703 T:26500   DEBUG: OnAVStarted: CApplication::OnAVStarted
2020-05-28 11:31:11.709 T:23524   DEBUG: Activating window ID: 12005
2020-05-28 11:31:11.709 T:23524   DEBUG: ------ Window Deinit (MyVideoNav.xml) ------
2020-05-28 11:31:11.710 T:23524   DEBUG: FreeVisualisation() done
2020-05-28 11:31:11.712 T:26771   DEBUG: CurlFile::ParseAndCorrectUrl() adding custom header option 'connection: keep-alive'
2020-05-28 11:31:11.712 T:26771   DEBUG: CurlFile::Open(0x7a4b60e900) https://sgdccdnems02.cdnsrv.jio.com/jiotv.live.cdn.jio.com/bpk-tv/TV_5_News_BTS/output/dash/TV_5_News_BTS-audio_97234_und=97200-76350559245994.dash?jct=n_IltsKdkZbcQX5GXPb80w&pxe=2535984944&st=c6f405eb515119b21f6fdedb4bc024dc
2020-05-28 11:31:11.717 T:23524   DEBUG: ------ Window Init (VideoFullScreen.xml) ------
2020-05-28 11:31:11.732 T:23524   DEBUG: ------ Window Deinit (DialogBusy.xml) ------
2020-05-28 11:31:11.813 T:23534   DEBUG: ActiveAE::SyncStream - average error of 810.707357, start adjusting
2020-05-28 11:31:11.951 T:26764   DEBUG: AddOnLog: InputStream Adaptive: Download https://sgdccdnems02.cdnsrv.jio.com/jiotv.live.cdn.jio.com/bpk-tv/TV_5_News_BTS/output/dash/TV_5_News_BTS-video=1290000-954381990571.dash?jct=n_IltsKdkZbcQX5GXPb80w&pxe=2535984944&st=c6f405eb515119b21f6fdedb4bc024dc finished, avg speed: 160318.23byte/s, current speed: 352803.00byte/s
2020-05-28 11:31:12.184 T:26491   DEBUG: OnAVChange: CApplication::OnAVChange
2020-05-28 11:31:12.185 T:26771   DEBUG: AddOnLog: InputStream Adaptive: Download https://sgdccdnems02.cdnsrv.jio.com/jiotv.live.cdn.jio.com/bpk-tv/TV_5_News_BTS/output/dash/TV_5_News_BTS-audio_97234_und=97200-76350559245994.dash?jct=n_IltsKdkZbcQX5GXPb80w&pxe=2535984944&st=c6f405eb515119b21f6fdedb4bc024dc finished, avg speed: 157767.73byte/s, current speed: 53042.00byte/s
2020-05-28 11:31:12.193 T:26764   DEBUG: CurlFile::ParseAndCorrectUrl() adding custom header option 'connection: keep-alive'
2020-05-28 11:31:12.194 T:26764   DEBUG: CurlFile::Open(0x7a637a2780) https://sgdccdnems02.cdnsrv.jio.com/jiotv.live.cdn.jio.com/bpk-tv/TV_5_News_BTS/output/dash/TV_5_News_BTS-video=1290000-954381991771.dash?jct=n_IltsKdkZbcQX5GXPb80w&pxe=2535984944&st=c6f405eb515119b21f6fdedb4bc024dc
2020-05-28 11:31:12.233 T:26770 WARNING: CRenderManager::WaitForBuffer - timeout waiting for buffer
2020-05-28 11:31:12.473 T:23534   DEBUG: ActiveAE::SyncStream - average error 7.810547, last average error: 810.707357
2020-05-28 11:31:12.569 T:26771   DEBUG: CurlFile::ParseAndCorrectUrl() adding custom header option 'connection: keep-alive'
2020-05-28 11:31:12.569 T:26771   DEBUG: CurlFile::Open(0x7a4b60e900) https://sgdccdnems02.cdnsrv.jio.com/jiotv.live.cdn.jio.com/bpk-tv/TV_5_News_BTS/output/dash/TV_5_News_BTS-audio_97234_und=97200-76350559342250.dash?jct=n_IltsKdkZbcQX5GXPb80w&pxe=2535984944&st=c6f405eb515119b21f6fdedb4bc024dc
2020-05-28 11:31:12.573 T:23534   DEBUG: ActiveAE::SyncStream - average error of -29.456543, start adjusting
2020-05-28 11:31:12.573 T:23534   DEBUG: ActiveAE::SyncStream - average error -0.019043 below threshold of 30.000000
2020-05-28 11:31:12.708 T:26764   DEBUG: AddOnLog: InputStream Adaptive: Download https://sgdccdnems02.cdnsrv.jio.com/jiotv.live.cdn.jio.com/bpk-tv/TV_5_News_BTS/output/dash/TV_5_News_BTS-video=1290000-954381991771.dash?jct=n_IltsKdkZbcQX5GXPb80w&pxe=2535984944&st=c6f405eb515119b21f6fdedb4bc024dc finished, avg speed: 280332.19byte/s, current speed: 585584.00byte/s
2020-05-28 11:31:13.070 T:26771   DEBUG: AddOnLog: InputStream Adaptive: Download https://sgdccdnems02.cdnsrv.jio.com/jiotv.live.cdn.jio.com/bpk-tv/TV_5_News_BTS/output/dash/TV_5_News_BTS-audio_97234_und=97200-76350559342250.dash?jct=n_IltsKdkZbcQX5GXPb80w&pxe=2535984944&st=c6f405eb515119b21f6fdedb4bc024dc finished, avg speed: 274899.84byte/s, current speed: 49949.00byte/s
2020-05-28 11:31:13.079 T:26764   DEBUG: CurlFile::ParseAndCorrectUrl() adding custom header option 'connection: keep-alive'
2020-05-28 11:31:13.079 T:26764   DEBUG: CurlFile::Open(0x7a637a2780) https://sgdccdnems02.cdnsrv.jio.com/jiotv.live.cdn.jio.com/bpk-tv/TV_5_News_BTS/output/dash/TV_5_News_BTS-video=1290000-954381992971.dash?jct=n_IltsKdkZbcQX5GXPb80w&pxe=2535984944&st=c6f405eb515119b21f6fdedb4bc024dc
2020-05-28 11:31:13.458 T:26771   DEBUG: CurlFile::ParseAndCorrectUrl() adding custom header option 'connection: keep-alive'
2020-05-28 11:31:13.458 T:26771   DEBUG: CurlFile::Open(0x7a4b60e900) https://sgdccdnems02.cdnsrv.jio.com/jiotv.live.cdn.jio.com/bpk-tv/TV_5_News_BTS/output/dash/TV_5_News_BTS-audio_97234_und=97200-76350559438506.dash?jct=n_IltsKdkZbcQX5GXPb80w&pxe=2535984944&st=c6f405eb515119b21f6fdedb4bc024dc
2020-05-28 11:31:13.620 T:26764   DEBUG: AddOnLog: InputStream Adaptive: Download https://sgdccdnems02.cdnsrv.jio.com/jiotv.live.cdn.jio.com/bpk-tv/TV_5_News_BTS/output/dash/TV_5_News_BTS-video=1290000-954381992971.dash?jct=n_IltsKdkZbcQX5GXPb80w&pxe=2535984944&st=c6f405eb515119b21f6fdedb4bc024dc finished, avg speed: 359834.01byte/s, current speed: 566190.00byte/s
2020-05-28 11:31:13.816 T:26809   DEBUG: Thread Timer start, auto delete: false
2020-05-28 11:31:13.874 T:26809   DEBUG: Thread Timer 26809 terminating
2020-05-28 11:31:13.890 T:23524   DEBUG: ------ Window Init (VideoOSD.xml) ------
2020-05-28 11:31:13.895 T:23524   DEBUG: ------ Window Init (DialogSeekBar.xml) ------
2020-05-28 11:31:13.897 T:23524   DEBUG: ------ Window Init (Custom_1109_TopBarOverlay.xml) ------
2020-05-28 11:31:13.935 T:26771   DEBUG: AddOnLog: InputStream Adaptive: Download https://sgdccdnems02.cdnsrv.jio.com/jiotv.live.cdn.jio.com/bpk-tv/TV_5_News_BTS/output/dash/TV_5_News_BTS-audio_97234_und=97200-76350559438506.dash?jct=n_IltsKdkZbcQX5GXPb80w&pxe=2535984944&st=c6f405eb515119b21f6fdedb4bc024dc finished, avg speed: 352612.35byte/s, current speed: 51484.00byte/s
2020-05-28 11:31:13.968 T:26764   DEBUG: CurlFile::ParseAndCorrectUrl() adding custom header option 'connection: keep-alive'
2020-05-28 11:31:13.968 T:26764   DEBUG: CurlFile::Open(0x7a637a2780) https://sgdccdnems02.cdnsrv.jio.com/jiotv.live.cdn.jio.com/bpk-tv/TV_5_News_BTS/output/dash/TV_5_News_BTS-video=1290000-954381994171.dash?jct=n_IltsKdkZbcQX5GXPb80w&pxe=2535984944&st=c6f405eb515119b21f6fdedb4bc024dc
2020-05-28 11:31:14.326 T:26771   DEBUG: CurlFile::ParseAndCorrectUrl() adding custom header option 'connection: keep-alive'
2020-05-28 11:31:14.326 T:26771   DEBUG: CurlFile::Open(0x7a4b60e900) https://sgdccdnems02.cdnsrv.jio.com/jiotv.live.cdn.jio.com/bpk-tv/TV_5_News_BTS/output/dash/TV_5_News_BTS-audio_97234_und=97200-76350559533738.dash?jct=n_IltsKdkZbcQX5GXPb80w&pxe=2535984944&st=c6f405eb515119b21f6fdedb4bc024dc
2020-05-28 11:31:14.459 T:26764   DEBUG: AddOnLog: InputStream Adaptive: Download https://sgdccdnems02.cdnsrv.jio.com/jiotv.live.cdn.jio.com/bpk-tv/TV_5_News_BTS/output/dash/TV_5_News_BTS-video=1290000-954381994171.dash?jct=n_IltsKdkZbcQX5GXPb80w&pxe=2535984944&st=c6f405eb515119b21f6fdedb4bc024dc finished, avg speed: 421378.58byte/s, current speed: 598491.00byte/s
2020-05-28 11:31:14.800 T:26771   DEBUG: AddOnLog: InputStream Adaptive: Download https://sgdccdnems02.cdnsrv.jio.com/jiotv.live.cdn.jio.com/bpk-tv/TV_5_News_BTS/output/dash/TV_5_News_BTS-audio_97234_und=97200-76350559533738.dash?jct=n_IltsKdkZbcQX5GXPb80w&pxe=2535984944&st=c6f405eb515119b21f6fdedb4bc024dc finished, avg speed: 412676.61byte/s, current speed: 53047.00byte/s
2020-05-28 11:31:14.840 T:26764   DEBUG: CurlFile::ParseAndCorrectUrl() adding custom header option 'connection: keep-alive'
2020-05-28 11:31:14.840 T:26764   DEBUG: CurlFile::Open(0x7a637a2780) https://sgdccdnems02.cdnsrv.jio.com/jiotv.live.cdn.jio.com/bpk-tv/TV_5_News_BTS/output/dash/TV_5_News_BTS-video=1290000-954381995371.dash?jct=n_IltsKdkZbcQX5GXPb80w&pxe=2535984944&st=c6f405eb515119b21f6fdedb4bc024dc
2020-05-28 11:31:14.920 T:26810   DEBUG: Thread Timer start, auto delete: false
2020-05-28 11:31:14.995 T:26810   DEBUG: Thread Timer 26810 terminating
2020-05-28 11:31:15.019 T:23524   DEBUG: Unfocus WindowID: 12901, ControlID: 603
2020-05-28 11:31:15.019 T:23524  NOTICE: CVideoPlayer::CloseFile()
2020-05-28 11:31:15.020 T:23524   DEBUG: DeleteRenderer - deleting renderer
2020-05-28 11:31:15.020 T:23524  NOTICE: VideoPlayer: waiting for threads to exit
2020-05-28 11:31:15.190 T:26737  NOTICE: CVideoPlayer::OnExit()
2020-05-28 11:31:15.190 T:26737  NOTICE: Closing stream player 1
2020-05-28 11:31:15.190 T:26737   DEBUG: AddOnLog: InputStream Adaptive: EnableStream(1002: false)
2020-05-28 11:31:15.191 T:26737  NOTICE: Waiting for audio thread to exit
2020-05-28 11:31:15.218 T:26775  NOTICE: thread end: CVideoPlayerAudio::OnExit()
2020-05-28 11:31:15.218 T:26775   DEBUG: Thread VideoPlayerAudio 26775 terminating
2020-05-28 11:31:15.218 T:26737  NOTICE: Closing audio device
2020-05-28 11:31:15.235 T:26737   DEBUG: CDVDAudio::Flush - flush audio stream
2020-05-28 11:31:15.239 T:23534   DEBUG: CActiveAE::DiscardStream - audio stream deleted
2020-05-28 11:31:15.239 T:23534   DEBUG: CActiveAE::ClearDiscardedBuffers - buffer pool deleted
2020-05-28 11:31:15.239 T:23535   DEBUG: Previous line repeats 2 times.
2020-05-28 11:31:15.239 T:23535    INFO: CActiveAESink::OpenSink - initialize sink
2020-05-28 11:31:15.239 T:23535   DEBUG: Draining Audio
2020-05-28 11:31:15.240 T:26737  NOTICE: Deleting audio codec
2020-05-28 11:31:15.240 T:23535   DEBUG: CAESinkAUDIOTRACK::Deinitialize
2020-05-28 11:31:15.246 T:23535   DEBUG: Flushing might not be properly implemented, sleeping: 155 ms
2020-05-28 11:31:15.257 T:26737  NOTICE: Closing stream player 2
2020-05-28 11:31:15.257 T:26737   DEBUG: AddOnLog: InputStream Adaptive: EnableStream(1001: false)
2020-05-28 11:31:15.290 T:26764   DEBUG: AddOnLog: InputStream Adaptive: Download https://sgdccdnems02.cdnsrv.jio.com/jiotv.live.cdn.jio.com/bpk-tv/TV_5_News_BTS/output/dash/TV_5_News_BTS-video=1290000-954381995371.dash?jct=n_IltsKdkZbcQX5GXPb80w&pxe=2535984944&st=c6f405eb515119b21f6fdedb4bc024dc finished, avg speed: 402800.19byte/s, current speed: 254654.00byte/s
2020-05-28 11:31:15.304 T:26737  NOTICE: waiting for video thread to exit
2020-05-28 11:31:15.310 T:26770  NOTICE: thread end: video_thread
2020-05-28 11:31:15.310 T:26770   DEBUG: Thread VideoPlayerVideo 26770 terminating
2020-05-28 11:31:15.313 T:26737  NOTICE: deleting video codec
2020-05-28 11:31:15.313 T:26737   DEBUG: CDVDVideoCodecAndroidMediaCodec::SignalEndOfStream: state: 3
2020-05-28 11:31:15.313 T:26737   DEBUG: CDVDVideoCodecAndroidMediaCodec::SignalEndOfStream: ReleaseMediaCodecBuffers
2020-05-28 11:31:15.318 T:26737   DEBUG: CDVDVideoCodecAndroidMediaCodec::SignalEndOfStream: BUFFER_FLAG_END_OF_STREAM send
2020-05-28 11:31:15.360 T:26737   DEBUG: CMediaCodecVideoBufferPool::~CMediaCodecVideoBufferPool Releasing 4 buffers
2020-05-28 11:31:15.361 T:26737   DEBUG: AddOnLog: InputStream Adaptive: Close()
2020-05-28 11:31:15.361 T:26737   DEBUG: AddOnLog: InputStream Adaptive: Session::~Session()
2020-05-28 11:31:15.372 T:26490    INFO: Deleting settings information for files plugin://plugin.video.jiotv/resources/lib/main/play/?_pickle_=80027d71005802000000647471017d710228580500000070726f746f710358030000006d70647104580300000064726d71055812000000636f6d2e7769646576696e652e616c706861710658040000007055726c7107589200000068747470733a2f2f6a696f74762e6c6976652e63646e2e6a696f2e636f6d2f62706b2d74762f54565f355f4e6577735f4254532f6f75747075742f696e6465782e6d70643f6a63743d6e5f496c74734b646b5a626351583547585062383077267078653d323533353938343934342673743d6336663430356562353135313139623231663666646564623462633032346463710858040000006c55726c7109586000000068747470733a2f2f74762e6d656469612e6a696f2e636f6d2f70726f78793f70726f76696465723d72656c69616e636526636f6e74656e745f69643d39383939393930333436267b544f4b454e7d7c7b484541444552537d7c527b53534d7d7c710a580400000068647273710b5810000000557365722d4167656e743d6a696f7476710c58050000006c6162656c710d580900000054562035204e657773710e5805000000634c6f676f710f580d00000054565f355f4e6577732e706e677110580400000063496d677111584f00000068747470733a2f2f6a696f696d616765732e63646e2e6a696f2e636f6d2f696d616765737075626c69632f37352f362f5456354e6577735f313537343637313532383030305f70726f6d6f2e6a7067711275732e
2020-05-28 11:31:15.376 T:26500   DEBUG: DoWork - Saving file state for video item plugin://plugin.video.jiotv/resources/lib/main/play/?_pickle_=80027d71005802000000647471017d710228580500000070726f746f710358030000006d70647104580300000064726d71055812000000636f6d2e7769646576696e652e616c706861710658040000007055726c7107589200000068747470733a2f2f6a696f74762e6c6976652e63646e2e6a696f2e636f6d2f62706b2d74762f54565f355f4e6577735f4254532f6f75747075742f696e6465782e6d70643f6a63743d6e5f496c74734b646b5a626351583547585062383077267078653d323533353938343934342673743d6336663430356562353135313139623231663666646564623462633032346463710858040000006c55726c7109586000000068747470733a2f2f74762e6d656469612e6a696f2e636f6d2f70726f78793f70726f76696465723d72656c69616e636526636f6e74656e745f69643d39383939393930333436267b544f4b454e7d7c7b484541444552537d7c527b53534d7d7c710a580400000068647273710b5810000000557365722d4167656e743d6a696f7476710c58050000006c6162656c710d580900000054562035204e657773710e5805000000634c6f676f710f580d00000054565f355f4e6577732e706e677110580400000063496d677111584f00000068747470733a2f2f6a696f696d616765732e63646e2e6a696f2e636f6d2f696d616765737075626c69632f37352f362f5456354e6577735f313537343637313532383030305f70726f6d6f2e6a7067711275732e
2020-05-28 11:31:15.401 T:23535   DEBUG: CAESinkAUDIOTRACK::Deinitialize
2020-05-28 11:31:15.403 T:23535   DEBUG: CActiveAESink::OpenSink - trying to open device AUDIOTRACK:AudioTrack
2020-05-28 11:31:15.404 T:23535   DEBUG: CAESinkAUDIOTRACK::Initialize requested: sampleRate 44100; format: AE_FMT_FLOAT; channels: 2
2020-05-28 11:31:15.404 T:23535   DEBUG: Updated SampleRate: 32000 Distance: 108900
2020-05-28 11:31:15.404 T:23535   DEBUG: Updated SampleRate: 44100 Distance: 0
2020-05-28 11:31:15.404 T:23535  NOTICE: Trying to open: samplerate: 44100, channelMask: 12, encoding: 4
2020-05-28 11:31:15.406 T:23535   DEBUG: Minimum size we need for stream: 28352
2020-05-28 11:31:15.406 T:23535   DEBUG: Created Audiotrackbuffer with playing time of 160.725624 ms min buffer size: 56704 bytes
2020-05-28 11:31:15.422 T:23535  NOTICE: CAESinkAUDIOTRACK::Initializing with: m_sampleRate: 44100 format: AE_FMT_FLOAT (AE) method: PCM stream-type: PCM-STREAM min_buffer_size: 56704 m_frames: 3544 m_frameSize: 8 channels: 2
2020-05-28 11:31:15.422 T:23535   DEBUG: CActiveAESink::OpenSink - AUDIOTRACK Initialized:
2020-05-28 11:31:15.422 T:23535   DEBUG:   Output Device : android
2020-05-28 11:31:15.422 T:23535   DEBUG:   Sample Rate   : 44100
2020-05-28 11:31:15.422 T:23535   DEBUG:   Sample Format : AE_FMT_FLOAT
2020-05-28 11:31:15.422 T:23535   DEBUG:   Channel Count : 2
2020-05-28 11:31:15.422 T:23535   DEBUG:   Channel Layout: FL, FR
2020-05-28 11:31:15.422 T:23535   DEBUG:   Frames        : 3544
2020-05-28 11:31:15.422 T:23535   DEBUG:   Frame Size    : 8
2020-05-28 11:31:15.424 T:26737   DEBUG: AddOnLog: InputStream Adaptive: WVDecrypter destructed
2020-05-28 11:31:15.425 T:23534   DEBUG: CActiveAE::ClearDiscardedBuffers - buffer pool deleted
2020-05-28 11:31:15.426 T:26737   DEBUG: Previous line repeats 1 times.
2020-05-28 11:31:15.427 T:26737   DEBUG: SECTION:UnloadDll(/data/app/org.xbmc.kodi-Bn9K9jerHJHxpVGnxrhqiA==/lib/arm64/libinputstream.adaptive.so)
2020-05-28 11:31:15.429 T:26737    INFO: ADDON: Dll Destroyed - InputStream Adaptive
2020-05-28 11:31:15.430 T:26491   DEBUG: OnPlayBackStopped: CApplication::OnPlayBackStopped
2020-05-28 11:31:15.430 T:26737   DEBUG: Thread VideoPlayer 26737 terminating
2020-05-28 11:31:15.431 T:23524  NOTICE: VideoPlayer: finished waiting
2020-05-28 11:31:15.431 T:23524  NOTICE: CVideoPlayer::CloseFile()
2020-05-28 11:31:15.431 T:23524  NOTICE: VideoPlayer: waiting for threads to exit
2020-05-28 11:31:15.431 T:23524  NOTICE: VideoPlayer: finished waiting
2020-05-28 11:31:15.438 T:23524   DEBUG: Radio UECP (RDS) Processor - delete ~CDVDRadioRDSData
2020-05-28 11:31:15.438 T:23524   DEBUG: CGUIWindowManager::PreviousWindow: Deactivate
2020-05-28 11:31:15.438 T:23524   DEBUG: ------ Window Deinit (VideoOSD.xml) ------
2020-05-28 11:31:15.438 T:23524   DEBUG: ------ Window Deinit (VideoFullScreen.xml) ------
2020-05-28 11:31:15.442 T:23529   DEBUG: void CXBMCApp::OnPlayBackStopped()
2020-05-28 11:31:15.442 T:23524   DEBUG: CGUIWindowManager::PreviousWindow: Activate new
2020-05-28 11:31:15.443 T:23524   DEBUG: ------ Window Init (MyVideoNav.xml) ------
2020-05-28 11:31:15.445 T:23524   ERROR: Control 55 in window 10025 has been asked to focus, but it can't
2020-05-28 11:31:15.447 T:23524   DEBUG: Uninhibiting OS screen saver
2020-05-28 11:31:15.456 T:23524   DEBUG: ------ Window Deinit (DialogSeekBar.xml) ------
2020-05-28 11:31:15.469 T:23524   DEBUG: ------ Window Deinit (Custom_1109_TopBarOverlay.xml) ------
2020-05-28 11:31:15.473 T:23524   DEBUG: CGUIMediaWindow::GetDirectory (plugin://plugin.video.jiotv/resources/lib/main/show_category/?_pickle_=80027d71002855075f7469746c655f7101580600000054656c7567757102580b00000063617465676f72795f69647103580600000054656c756775710458020000006279710558090000004c616e6775616765737106752e)
2020-05-28 11:31:15.473 T:23524   DEBUG:   ParentPath = [plugin://plugin.video.jiotv/resources/lib/main/show_category/?_pickle_=80027d71002855075f7469746c655f7101580600000054656c7567757102580b00000063617465676f72795f69647103580600000054656c756775710458020000006279710558090000004c616e6775616765737106752e]
2020-05-28 11:31:15.474 T:26812   DEBUG: Thread waiting start, auto delete: false
2020-05-28 11:31:15.495 T:26500   DEBUG: CAddonDatabase::SetLastUsed[plugin.video.jiotv] took 21 ms
2020-05-28 11:31:15.496 T:26812   DEBUG: StartScript - calling plugin JioTV('plugin://plugin.video.jiotv/resources/lib/main/show_category/','4','?_pickle_=80027d71002855075f7469746c655f7101580600000054656c7567757102580b00000063617465676f72795f69647103580600000054656c756775710458020000006279710558090000004c616e6775616765737106752e','resume:false')
2020-05-28 11:31:15.497 T:26812   DEBUG: GetLanguageInvoker - Reusing LanguageInvokerThread 9 for script /storage/emulated/0/Android/data/org.xbmc.kodi/files/.kodi/addons/plugin.video.jiotv/addon.py
2020-05-28 11:31:15.497 T:25321    INFO: initializing python engine.
2020-05-28 11:31:15.497 T:25321   DEBUG: CPythonInvoker(9, /storage/emulated/0/Android/data/org.xbmc.kodi/files/.kodi/addons/plugin.video.jiotv/addon.py): start processing
2020-05-28 11:31:15.497 T:25321   DEBUG: CPythonInvoker(9, /storage/emulated/0/Android/data/org.xbmc.kodi/files/.kodi/addons/plugin.video.jiotv/addon.py): entering source directory /storage/emulated/0/Android/data/org.xbmc.kodi/files/.kodi/addons/plugin.video.jiotv
2020-05-28 11:31:15.497 T:25321   DEBUG: CPythonInvoker(9, /storage/emulated/0/Android/data/org.xbmc.kodi/files/.kodi/addons/plugin.video.jiotv/addon.py): instantiating addon using automatically obtained id of "plugin.video.jiotv" dependent on version 2.25.0 of the xbmc.python api
2020-05-28 11:31:15.499 T:25321   DEBUG: [JioTV.support] Dispatching to route: '/resources/lib/main/show_category/'
2020-05-28 11:31:15.499 T:25321   DEBUG: [JioTV.support] Callback parameters: '{u'category_id': u'Telugu', u'by': u'Languages'}'
2020-05-28 11:31:15.500 T:25321   DEBUG: [urlquick] Requesting resource: https://raw.githubusercontent.com/botallen/repository.botallen/master/plugin.video.jiotv/resources/extra/channels.json
2020-05-28 11:31:15.501 T:25321   DEBUG: [urlquick] Request headers: {u'Host': u'raw.githubusercontent.com', u'Accept-language': u'en-gb,en-us,en', u'Connection': u'keep-alive', u'Accept': u'*/*', u'Accept-Encoding': u'gzip, deflate'}
2020-05-28 11:31:15.508 T:25321   DEBUG: [urlquick] Cache is fresh, returning cached response
2020-05-28 11:31:15.574 T:23524   DEBUG: ------ Window Init (DialogBusy.xml) ------
2020-05-28 11:31:15.950 T:25321   DEBUG: [JioTV.route] Content-type: videos
2020-05-28 11:31:15.960 T:25321   DEBUG: [JioTV.support] Route Execution Time: 460ms
2020-05-28 11:31:15.961 T:25321    INFO: CPythonInvoker(9, /storage/emulated/0/Android/data/org.xbmc.kodi/files/.kodi/addons/plugin.video.jiotv/addon.py): script successfully run
2020-05-28 11:31:15.989 T:26812   DEBUG: Thread waiting 26812 terminating
2020-05-28 11:31:16.014 T:23524   DEBUG: ------ Window Deinit (DialogBusy.xml) ------
2020-05-28 11:31:16.054 T:26813   DEBUG: Thread BackgroundLoader start, auto delete: false
2020-05-28 11:31:16.067 T:26813   DEBUG: Thread BackgroundLoader 26813 terminating
2020-05-28 11:31:16.078 T:26491   DEBUG: ffmpeg[7A7249A4F0]: [swscaler] No accelerated colorspace conversion found from yuv420p to bgra.
2020-05-28 11:31:16.079 T:26500   DEBUG: ffmpeg[7A7229E4F0]: [swscaler] No accelerated colorspace conversion found from yuv420p to bgra.
2020-05-28 11:31:17.867 T:26815   DEBUG: Thread Timer start, auto delete: false
2020-05-28 11:31:18.024 T:26815   DEBUG: Thread Timer 26815 terminating
2020-05-28 11:31:18.124 T:23524   DEBUG: Unfocus WindowID: 10025, ControlID: 55
2020-05-28 11:31:18.124 T:23524   DEBUG: CheckForInertialScrolling: Avg touch velocity: 450.842377,-1463.997192 up to and including touch at 64 ms ago
2020-05-28 11:31:18.589 T:23524   DEBUG: Keyboard: scancode: 0x04, sym: 0x0008, unicode: 0x0000, modifier: 0x0
2020-05-28 11:31:18.672 T:23524   DEBUG: Previous line repeats 1 times.
2020-05-28 11:31:18.672 T:23524   DEBUG: HandleKey: backspace (0xf008) pressed, action is Back
2020-05-28 11:31:18.672 T:23524   DEBUG: CGUIMediaWindow::GetDirectory (plugin://plugin.video.jiotv/resources/lib/main/show_listby/?_pickle_=80027d71002855075f7469746c655f710158090000004c616e67756167657371025802000000627971036802752e)
2020-05-28 11:31:18.673 T:23524   DEBUG:   ParentPath = [plugin://plugin.video.jiotv/]
2020-05-28 11:31:18.677 T:26816   DEBUG: Thread waiting start, auto delete: false
2020-05-28 11:31:18.689 T:26500   DEBUG: CAddonDatabase::SetLastUsed[plugin.video.jiotv] took 16 ms
2020-05-28 11:31:18.690 T:26816   DEBUG: StartScript - calling plugin JioTV('plugin://plugin.video.jiotv/resources/lib/main/show_listby/','4','?_pickle_=80027d71002855075f7469746c655f710158090000004c616e67756167657371025802000000627971036802752e','resume:false')
2020-05-28 11:31:18.690 T:26816   DEBUG: GetLanguageInvoker - Reusing LanguageInvokerThread 9 for script /storage/emulated/0/Android/data/org.xbmc.kodi/files/.kodi/addons/plugin.video.jiotv/addon.py
2020-05-28 11:31:18.691 T:25321    INFO: initializing python engine.
2020-05-28 11:31:18.691 T:25321   DEBUG: CPythonInvoker(9, /storage/emulated/0/Android/data/org.xbmc.kodi/files/.kodi/addons/plugin.video.jiotv/addon.py): start processing
2020-05-28 11:31:18.691 T:25321   DEBUG: CPythonInvoker(9, /storage/emulated/0/Android/data/org.xbmc.kodi/files/.kodi/addons/plugin.video.jiotv/addon.py): entering source directory /storage/emulated/0/Android/data/org.xbmc.kodi/files/.kodi/addons/plugin.video.jiotv
2020-05-28 11:31:18.691 T:25321   DEBUG: CPythonInvoker(9, /storage/emulated/0/Android/data/org.xbmc.kodi/files/.kodi/addons/plugin.video.jiotv/addon.py): instantiating addon using automatically obtained id of "plugin.video.jiotv" dependent on version 2.25.0 of the xbmc.python api
2020-05-28 11:31:18.694 T:25321   DEBUG: [JioTV.support] Dispatching to route: '/resources/lib/main/show_listby/'
2020-05-28 11:31:18.694 T:25321   DEBUG: [JioTV.support] Callback parameters: '{u'by': u'Languages'}'
2020-05-28 11:31:18.776 T:23524   DEBUG: ------ Window Init (DialogBusy.xml) ------
2020-05-28 11:31:18.842 T:25321   DEBUG: [JioTV.route] Content-type: files
2020-05-28 11:31:18.843 T:26816   DEBUG: Thread waiting 26816 terminating
2020-05-28 11:31:18.844 T:25321   DEBUG: [JioTV.support] Route Execution Time: 148ms
2020-05-28 11:31:18.844 T:25321    INFO: CPythonInvoker(9, /storage/emulated/0/Android/data/org.xbmc.kodi/files/.kodi/addons/plugin.video.jiotv/addon.py): script successfully run
2020-05-28 11:31:18.855 T:23524   DEBUG: ------ Window Deinit (DialogBusy.xml) ------
2020-05-28 11:31:18.861 T:26817   DEBUG: Thread BackgroundLoader start, auto delete: false
2020-05-28 11:31:18.874 T:26817   DEBUG: Thread BackgroundLoader 26817 terminating
2020-05-28 11:31:18.875 T:26500   DEBUG: ffmpeg[7A7229E4F0]: [swscaler] No accelerated colorspace conversion found from yuv420p to bgra.
2020-05-28 11:31:18.895 T:26490   DEBUG: ffmpeg[7A725984F0]: [swscaler] No accelerated colorspace conversion found from yuv420p to bgra.
2020-05-28 11:31:19.410 T:23524   DEBUG: Keyboard: scancode: 0x04, sym: 0x0008, unicode: 0x0000, modifier: 0x0
2020-05-28 11:31:19.452 T:23524   DEBUG: Previous line repeats 1 times.
2020-05-28 11:31:19.452 T:23524   DEBUG: HandleKey: backspace (0xf008) pressed, action is Back
2020-05-28 11:31:19.453 T:23524   DEBUG: CGUIMediaWindow::GetDirectory (plugin://plugin.video.jiotv/)
2020-05-28 11:31:19.453 T:23524   DEBUG:   ParentPath = [plugin://]
2020-05-28 11:31:19.458 T:26818   DEBUG: Thread waiting start, auto delete: false
2020-05-28 11:31:19.468 T:26490   DEBUG: CAddonDatabase::SetLastUsed[plugin.video.jiotv] took 15 ms
2020-05-28 11:31:19.469 T:26818   DEBUG: StartScript - calling plugin JioTV('plugin://plugin.video.jiotv/','4','','resume:false')
2020-05-28 11:31:19.469 T:26818   DEBUG: GetLanguageInvoker - Reusing LanguageInvokerThread 9 for script /storage/emulated/0/Android/data/org.xbmc.kodi/files/.kodi/addons/plugin.video.jiotv/addon.py
2020-05-28 11:31:19.469 T:25321    INFO: initializing python engine.
2020-05-28 11:31:19.469 T:25321   DEBUG: CPythonInvoker(9, /storage/emulated/0/Android/data/org.xbmc.kodi/files/.kodi/addons/plugin.video.jiotv/addon.py): start processing
2020-05-28 11:31:19.469 T:25321   DEBUG: CPythonInvoker(9, /storage/emulated/0/Android/data/org.xbmc.kodi/files/.kodi/addons/plugin.video.jiotv/addon.py): entering source directory /storage/emulated/0/Android/data/org.xbmc.kodi/files/.kodi/addons/plugin.video.jiotv
2020-05-28 11:31:19.470 T:25321   DEBUG: CPythonInvoker(9, /storage/emulated/0/Android/data/org.xbmc.kodi/files/.kodi/addons/plugin.video.jiotv/addon.py): instantiating addon using automatically obtained id of "plugin.video.jiotv" dependent on version 2.25.0 of the xbmc.python api
2020-05-28 11:31:19.471 T:25321   DEBUG: [JioTV.support] Dispatching to route: 'root'
2020-05-28 11:31:19.471 T:25321   DEBUG: [JioTV.support] Callback parameters: '{}'
2020-05-28 11:31:19.558 T:23524   DEBUG: ------ Window Init (DialogBusy.xml) ------
2020-05-28 11:31:19.562 T:25321   DEBUG: [JioTV.route] Content-type: files
2020-05-28 11:31:19.563 T:26818   DEBUG: Thread waiting 26818 terminating
2020-05-28 11:31:19.564 T:25321   DEBUG: [JioTV.support] Route Execution Time: 92ms
2020-05-28 11:31:19.564 T:25321    INFO: CPythonInvoker(9, /storage/emulated/0/Android/data/org.xbmc.kodi/files/.kodi/addons/plugin.video.jiotv/addon.py): script successfully run
2020-05-28 11:31:19.570 T:23524   DEBUG: ------ Window Deinit (DialogBusy.xml) ------
2020-05-28 11:31:19.579 T:26819   DEBUG: Thread BackgroundLoader start, auto delete: false
2020-05-28 11:31:19.591 T:26819   DEBUG: Thread BackgroundLoader 26819 terminating
2020-05-28 11:31:19.593 T:26500   DEBUG: ffmpeg[7A7229E4F0]: [swscaler] No accelerated colorspace conversion found from yuv420p to bgra.
2020-05-28 11:31:19.618 T:26501   DEBUG: ffmpeg[7A721A04F0]: [swscaler] No accelerated colorspace conversion found from yuv420p to bgra.
2020-05-28 11:31:20.183 T:23524   DEBUG: Keyboard: scancode: 0x04, sym: 0x0008, unicode: 0x0000, modifier: 0x0
2020-05-28 11:31:20.249 T:23524   DEBUG: Previous line repeats 1 times.
2020-05-28 11:31:20.249 T:23524   DEBUG: HandleKey: backspace (0xf008) pressed, action is Back
2020-05-28 11:31:20.249 T:23524   DEBUG: CGUIWindowManager::PreviousWindow: Deactivate
2020-05-28 11:31:20.558 T:23524   DEBUG: ------ Window Deinit (MyVideoNav.xml) ------
2020-05-28 11:31:20.559 T:23524   DEBUG: FreeVisualisation() done
2020-05-28 11:31:20.565 T:23524   DEBUG: CGUIWindowManager::PreviousWindow: Activate new
2020-05-28 11:31:20.566 T:23524   DEBUG: ------ Window Init (Home.xml) ------
2020-05-28 11:31:20.566 T:23524   DEBUG: CDirectoryProvider[addons://]: refreshing..
2020-05-28 11:31:20.567 T:23524   DEBUG: CDirectoryProvider[addons://sources/video/]: refreshing..
2020-05-28 11:31:20.567 T:23524   DEBUG: CDirectoryProvider[addons://sources/audio/]: refreshing..
2020-05-28 11:31:20.567 T:23524   DEBUG: CDirectoryProvider[addons://sources/game/]: refreshing..
2020-05-28 11:31:20.567 T:23524   DEBUG: CDirectoryProvider[addons://sources/executable/]: refreshing..
2020-05-28 11:31:20.567 T:23524   DEBUG: CDirectoryProvider[androidapp://sources/apps/]: refreshing..
2020-05-28 11:31:20.567 T:23524   DEBUG: CDirectoryProvider[addons://sources/image/]: refreshing..
2020-05-28 11:31:20.567 T:23524   DEBUG: CDirectoryProvider[library://video/]: refreshing..
2020-05-28 11:31:20.567 T:23524   DEBUG: CDirectoryProvider[sources://video/]: refreshing..
2020-05-28 11:31:20.567 T:23524   DEBUG: CDirectoryProvider[special://videoplaylists/]: refreshing..
2020-05-28 11:31:20.568 T:23524   DEBUG: CDirectoryProvider[pvr://channels/tv/*?view=lastplayed]: refreshing..
2020-05-28 11:31:20.568 T:23524   DEBUG: CDirectoryProvider[pvr://channels/radio/*?view=lastplayed]: refreshing..
2020-05-28 11:31:20.568 T:23524   DEBUG: CDirectoryProvider[favourites://]: refreshing..
2020-05-28 11:31:20.568 T:23524   DEBUG: CDirectoryProvider[sources://pictures/]: refreshing..
2020-05-28 11:31:20.568 T:23524   DEBUG: CDirectoryProvider[addons://sources/game/]: refreshing..
2020-05-28 11:31:20.630 T:26501   DEBUG: CAddonMgr::GetAvailableUpdates took 63 ms
2020-05-28 11:31:20.681 T:26490   DEBUG: CAndroidAppDirectory::GetDirectory: apps
2020-05-28 11:31:20.760 T:26500   ERROR: DoWork - Direct texture file loading failed for androidapp://sources/apps/com.google.android.youtube.png
2020-05-28 11:31:20.765 T:26490   ERROR: DoWork - Direct texture file loading failed for androidapp://sources/apps/com.testprepkart.dasa.png
2020-05-28 11:31:20.771 T:26491   DEBUG: CMultiPathDirectory::GetDirectory(multipath://special%3a%2f%2fprofile%2fplaylists%2fvideo/special%3a%2f%2fprofile%2fplaylists%2fmixed/)
2020-05-28 11:31:20.771 T:26491   DEBUG: Getting Directory (special://profile/playlists/video)
2020-05-28 11:31:20.772 T:26491   DEBUG: Getting Directory (special://profile/playlists/mixed)
2020-05-28 11:31:20.772 T:26491   DEBUG: CMultiPathDirectory::MergeItems, items = 0
2020-05-28 11:31:21.784 T:23524    INFO: CheckIdle - Closing session to http://127.0.0.1 (easy=0x7a5220e400, multi=0x7a6b0f5e00)
2020-05-28 11:31:24.563 T:26821   DEBUG: Thread Timer start, auto delete: false
2020-05-28 11:31:24.616 T:26821   DEBUG: Thread Timer 26821 terminating
2020-05-28 11:31:24.683 T:23524   DEBUG: CheckForInertialScrolling: Avg touch velocity: 191.188965,-481.610413 up to and including touch at 48 ms ago
2020-05-28 11:31:25.421 T:26822   DEBUG: Thread Timer start, auto delete: false
2020-05-28 11:31:25.463 T:26822   DEBUG: Thread Timer 26822 terminating
2020-05-28 11:31:25.546 T:23524   DEBUG: CheckForInertialScrolling: Avg touch velocity: 146.843491,-2151.567871 up to and including touch at 48 ms ago
2020-05-28 11:31:26.061 T:23524   DEBUG: Keyboard: scancode: 0x04, sym: 0x0008, unicode: 0x0000, modifier: 0x0
2020-05-28 11:31:26.160 T:23524   DEBUG: Previous line repeats 1 times.
2020-05-28 11:31:26.160 T:23524   DEBUG: HandleKey: backspace (0xf008) pressed, action is Back
2020-05-28 11:31:26.161 T:23524   DEBUG: CGUIWindowManager::PreviousWindow: Deactivate
2020-05-28 11:31:28.380 T:26824   DEBUG: Thread Timer start, auto delete: false
2020-05-28 11:31:28.457 T:26824   DEBUG: Thread Timer 26824 terminating
2020-05-28 11:31:28.485 T:23524   DEBUG: Unfocus WindowID: 10000, ControlID: 802
2020-05-28 11:31:28.485 T:23524   DEBUG: Activating window ID: 10004
2020-05-28 11:31:28.792 T:23524   DEBUG: ------ Window Deinit (Home.xml) ------
2020-05-28 11:31:28.793 T:23524   DEBUG: FreeVisualisation() done
2020-05-28 11:31:28.800 T:23524   DEBUG: ------ Window Init (Settings.xml) ------
2020-05-28 11:31:30.628 T:26825   DEBUG: Thread Timer start, auto delete: false
2020-05-28 11:31:30.728 T:26825   DEBUG: Thread Timer 26825 terminating
2020-05-28 11:31:30.786 T:23524   DEBUG: Unfocus WindowID: 10004, ControlID: 9001
2020-05-28 11:31:30.787 T:23524   DEBUG: Activating window ID: 10016
2020-05-28 11:31:31.099 T:23524   DEBUG: ------ Window Deinit (Settings.xml) ------
2020-05-28 11:31:31.100 T:23524   DEBUG: FreeVisualisation() done
2020-05-28 11:31:31.108 T:23524   DEBUG: ------ Window Init (SettingsCategory.xml) ------
2020-05-28 11:31:32.567 T:26826   DEBUG: Thread Timer start, auto delete: false
2020-05-28 11:31:32.627 T:26826   DEBUG: Thread Timer 26826 terminating
2020-05-28 11:31:32.655 T:23524   DEBUG: Unfocus WindowID: 10016, ControlID: -94
2020-05-28 11:31:33.191 T:23524    INFO: CheckIdle - Closing session to https://jiotv.live.cdn.jio.com (easy=0x7a5ce51400, multi=0x7a694fe800)
2020-05-28 11:31:33.984 T:26827   DEBUG: Thread Timer start, auto delete: false
2020-05-28 11:31:34.066 T:26827   DEBUG: Thread Timer 26827 terminating
2020-05-28 11:31:34.114 T:23524   DEBUG: Unfocus WindowID: 10016, ControlID: -79
2020-05-28 11:31:34.114 T:23524  NOTICE: Disabled debug logging due to GUI setting. Level 0.
2020-05-28 11:31:34.114 T:23524  NOTICE: Log level changed to "LOG_LEVEL_NORMAL"
2020-05-28 11:31:37.613 T:23524  NOTICE: CWinSystemAndroid::DestroyWindow
