2020-05-28 11:30:19.235 T:26549   DEBUG: [urlquick] Request headers: {u'appkey': u'NzNiMDhlYzQyNjJm', u'Accept-language': u'en-gb,en-us,en', u'Accept-Encoding': u'gzip, deflate', u'srno': u'200206173037', u'lbcookie': u'1', u'channelid': u'100', u'userId': u'nandurikala-64', u'Connection': u'keep-alive', u'Accept': u'*/*', u'User-Agent': u'JioTV Kodi', u'ssotoken': u'eyJ0eXAiOiJKV1QiLCJhbGciOiJIUzI1NiJ9.eyJ1bmlxdWUiOiIxMDc3MjBjNC0wMGVmLTQ3NjEtYjg5Ni1iZTk4OWM1YTdmNGEiLCJ1c2VyVHlwZSI6IlJJTHBlcnNvbiIsImF1dGhMZXZlbCI6IjQwIiwiZGV2aWNlSWQiOiI4ODAyNjZhY2I1NDcyYmJjYWYwZTY0ZWE2YmE0NWE2ZDM1ZTAxNzVkZWQ2NTk4OTIwNGM0NDRhNzlhN2U3MWM4MDA0YWVkNTJlMDgyYWYzN2JkYjk1NGJiNTYxYjM3YmMxOWViOWMzNWMwZmI2MWFjOWVlZjE2ZjM3OTMwOWExNiIsImp0aSI6IjBkZTYzMDA4LTgzNGItNDI5ZC1hZDBhLTYyMDRhYjU1OGVlOSIsImlhdCI6MTU5MDExMzMxNX0.hqfx1owNVtnqGBG00cKO9kzt0dV_XuUXUh_0RPiEDjk', u'Host': u'tv.media.jio.com', u'devicetype': u'Kodi', u'deviceId': u'b041785d-2857-4692-afd7-4e8c466d200d', u'crmid': u'5036908148', u'usergroup': u'tvYR7NSNn7rymo3F', u'versionCode': u'226', u'os': u'Kodi', u'uniqueId': u'107720c4-00ef-4761-b896-be989c5a7f4a'}
2020-05-28 11:30:20.767 T:26549   DEBUG: [urlquick] Caching 200 OK response
2020-05-28 11:30:20.792 T:26549   DEBUG: [JioTV] Using new valid timestamp 1590636530000
2020-05-28 11:30:20.792 T:26549   DEBUG: [JioTV] Replacing old IV with 0x00000000000000000000017259534950
2020-05-28 11:30:20.795 T:26549   ERROR: 127.0.0.1 - - [28/May/2020 11:30:20] "GET /play/V6_News/V6_News_JSRV13_1200.m3u8?maxq=1200 HTTP/1.1" 200 -
2020-05-28 11:30:20.836 T:26547   DEBUG: AddOnLog: InputStream Adaptive: Download http://127.0.0.1:48996/play/V6_News/V6_News_JSRV13_1200.m3u8?maxq=1200 finished
2020-05-28 11:30:20.838 T:26547   DEBUG: CurlFile::Open(0x7a87be8200) http://127.0.0.1:48996/play/V6_News/V6_News_JSRV13_1200.m3u8?maxq=1200
2020-05-28 11:30:20.842 T:26549   DEBUG: [urlquick] Requesting resource: http://ssrigcdnems02.cdnsrv.jio.com/jiotv.live.cdn.jio.com/V6_News/V6_News_JSRV13_1200.m3u8?jct=M2w0Hqvz2Raae2wKkbUqBw&pxe=1590642620&st=9p-O_v1qIyd6E-rf8_gEOQ
2020-05-28 11:30:20.842 T:26549   DEBUG: [urlquick] Request headers: {u'Accept-language': u'en-gb,en-us,en', u'Accept-Encoding': u'gzip, deflate', u'Host': u'ssrigcdnems02.cdnsrv.jio.com', u'Accept': u'*/*', u'User-Agent': u'jiotv', u'Connection': u'keep-alive'}
2020-05-28 11:30:21.828 T:26549   DEBUG: [urlquick] Attempting to decode with default encoding: 'utf8'
2020-05-28 11:30:21.833 T:26549  NOTICE: [JioTV] Found 7 different keys
2020-05-28 11:30:21.833 T:26549   DEBUG: [JioTV] Using cached timestamp 1590632930000
2020-05-28 11:30:21.833 T:26549   DEBUG: [JioTV] Replacing old IV with 0x000000000000000000000172591C5AD0
2020-05-28 11:30:21.836 T:26549   DEBUG: [JioTV] Using cached timestamp 1590633530000
2020-05-28 11:30:21.837 T:26549   DEBUG: [JioTV] Replacing old IV with 0x00000000000000000000017259258290
2020-05-28 11:30:21.839 T:26549   DEBUG: [JioTV] Using cached timestamp 1590634132000
2020-05-28 11:30:21.839 T:26549   DEBUG: [JioTV] Replacing old IV with 0x000000000000000000000172592EB220
2020-05-28 11:30:21.841 T:26549   DEBUG: [JioTV] Using cached timestamp 1590634732000
2020-05-28 11:30:21.841 T:26549   DEBUG: [JioTV] Replacing old IV with 0x0000000000000000000001725937D9E0
2020-05-28 11:30:21.843 T:26549   DEBUG: [JioTV] Using cached timestamp 1590635332000
2020-05-28 11:30:21.843 T:26549   DEBUG: [JioTV] Replacing old IV with 0x000000000000000000000172594101A0
2020-05-28 11:30:21.846 T:26549   DEBUG: [JioTV] Using cached timestamp 1590635934000
2020-05-28 11:30:21.846 T:26549   DEBUG: [JioTV] Replacing old IV with 0x000000000000000000000172594A3130
2020-05-28 11:30:21.848 T:26549   DEBUG: [JioTV] Using cached timestamp 1590636530000
2020-05-28 11:30:21.848 T:26549   DEBUG: [JioTV] Replacing old IV with 0x00000000000000000000017259534950
2020-05-28 11:30:21.851 T:26549   ERROR: 127.0.0.1 - - [28/May/2020 11:30:21] "GET /play/V6_News/V6_News_JSRV13_1200.m3u8?maxq=1200 HTTP/1.1" 200 -
2020-05-28 11:30:21.886 T:26547   DEBUG: AddOnLog: InputStream Adaptive: Download http://127.0.0.1:48996/play/V6_News/V6_News_JSRV13_1200.m3u8?maxq=1200 finished
2020-05-28 11:30:21.888 T:26552   DEBUG: CurlFile::ParseAndCorrectUrl() adding custom header option 'connection: keep-alive'
2020-05-28 11:30:21.888 T:26552   DEBUG: CurlFile::Open(0x7a641d5e80) http://127.0.0.1:48996/play/V6_News/V6_News_1200-1590636586000.ts
2020-05-28 11:30:21.891 T:26549   DEBUG: [urlquick] Requesting resource: http://ssrigcdnems02.cdnsrv.jio.com/jiotv.live.cdn.jio.com/V6_News/V6_News_1200-1590636586000.ts
2020-05-28 11:30:21.892 T:26549   DEBUG: [urlquick] Request headers: {u'Host': u'ssrigcdnems02.cdnsrv.jio.com', u'Accept-language': u'en-gb,en-us,en', u'Connection': u'keep-alive', u'Accept': u'*/*', u'Accept-Encoding': u'gzip, deflate'}
2020-05-28 11:30:24.548 T:26549   DEBUG: [urlquick] Caching 200 OK response
2020-05-28 11:30:24.619 T:26549   ERROR: 127.0.0.1 - - [28/May/2020 11:30:24] "GET /play/V6_News/V6_News_1200-1590636586000.ts HTTP/1.1" 200 -
2020-05-28 11:30:24.621 T:26552   DEBUG: CurlFile::Open(0x7a641eaa00) http://127.0.0.1:48996/play/V6_News/V6_News_1200-1590636530000.key
2020-05-28 11:30:24.621 T:26552    INFO: easy_acquire - Created session to http://127.0.0.1
2020-05-28 11:30:24.630 T:26576   DEBUG: [urlquick] Requesting resource: https://tv.media.jio.com/streams_live/V6_News/V6_News_1200-1590636530000.key?jct=9DadZzu88ikKtJR9xkqSZg&pxe=1590642624&st=9p-O_v1qIyd6E-rf8_gEOQ
2020-05-28 11:30:24.631 T:26576   DEBUG: [urlquick] Request headers: {u'appkey': u'NzNiMDhlYzQyNjJm', u'Accept-language': u'en-gb,en-us,en', u'Accept-Encoding': u'gzip, deflate', u'srno': u'200206173037', u'lbcookie': u'1', u'channelid': u'100', u'userId': u'nandurikala-64', u'Connection': u'keep-alive', u'Accept': u'*/*', u'User-Agent': u'JioTV Kodi', u'ssotoken': u'eyJ0eXAiOiJKV1QiLCJhbGciOiJIUzI1NiJ9.eyJ1bmlxdWUiOiIxMDc3MjBjNC0wMGVmLTQ3NjEtYjg5Ni1iZTk4OWM1YTdmNGEiLCJ1c2VyVHlwZSI6IlJJTHBlcnNvbiIsImF1dGhMZXZlbCI6IjQwIiwiZGV2aWNlSWQiOiI4ODAyNjZhY2I1NDcyYmJjYWYwZTY0ZWE2YmE0NWE2ZDM1ZTAxNzVkZWQ2NTk4OTIwNGM0NDRhNzlhN2U3MWM4MDA0YWVkNTJlMDgyYWYzN2JkYjk1NGJiNTYxYjM3YmMxOWViOWMzNWMwZmI2MWFjOWVlZjE2ZjM3OTMwOWExNiIsImp0aSI6IjBkZTYzMDA4LTgzNGItNDI5ZC1hZDBhLTYyMDRhYjU1OGVlOSIsImlhdCI6MTU5MDExMzMxNX0.hqfx1owNVtnqGBG00cKO9kzt0dV_XuUXUh_0RPiEDjk', u'Host': u'tv.media.jio.com', u'devicetype': u'Kodi', u'deviceId': u'b041785d-2857-4692-afd7-4e8c466d200d', u'crmid': u'5036908148', u'usergroup': u'tvYR7NSNn7rymo3F', u'versionCode': u'226', u'os': u'Kodi', u'uniqueId': u'107720c4-00ef-4761-b896-be989c5a7f4a'}
2020-05-28 11:30:25.933 T:26576   DEBUG: [urlquick] Caching 200 OK response
2020-05-28 11:30:25.957 T:26576   ERROR: 127.0.0.1 - - [28/May/2020 11:30:25] "GET /play/V6_News/V6_News_1200-1590636530000.key HTTP/1.1" 200 -
2020-05-28 11:30:25.960 T:26552   DEBUG: AddOnLog: InputStream Adaptive: Download http://127.0.0.1:48996/play/V6_News/V6_News_1200-1590636530000.key finished
2020-05-28 11:30:25.963 T:26547   DEBUG: AddOnLog: InputStream Adaptive: GetStream(1001)
2020-05-28 11:30:25.963 T:26547   DEBUG: CDVDDemuxClient::RequestStream(): added/updated stream 1001 with codec_id 27
2020-05-28 11:30:25.963 T:26547  NOTICE: Creating video codec with codec id: 27
2020-05-28 11:30:25.963 T:26547    INFO: CBitstreamConverter::Open Invalid avcC
2020-05-28 11:30:25.964 T:26547  NOTICE: CDVDVideoCodecAndroidMediaCodec::Open Testing codec:OMX.SEC.aac.dec
2020-05-28 11:30:25.964 T:26547  NOTICE: CDVDVideoCodecAndroidMediaCodec::Open Testing codec:OMX.dolby.ac3.decoder
2020-05-28 11:30:25.965 T:26547  NOTICE: CDVDVideoCodecAndroidMediaCodec::Open Testing codec:OMX.dolby.ac4.decoder
2020-05-28 11:30:25.965 T:26547  NOTICE: CDVDVideoCodecAndroidMediaCodec::Open Testing codec:OMX.SEC.adpcm.dec
2020-05-28 11:30:25.965 T:26547  NOTICE: CDVDVideoCodecAndroidMediaCodec::Open Testing codec:OMX.SEC.amr.dec
2020-05-28 11:30:25.965 T:26547  NOTICE: CDVDVideoCodecAndroidMediaCodec::Open Testing codec:OMX.dolby.eac3.decoder
2020-05-28 11:30:25.965 T:26547  NOTICE: CDVDVideoCodecAndroidMediaCodec::Open Testing codec:OMX.dolby.eac3_joc.decoder
2020-05-28 11:30:25.965 T:26547  NOTICE: CDVDVideoCodecAndroidMediaCodec::Open Testing codec:OMX.SEC.flac.dec
2020-05-28 11:30:25.965 T:26547  NOTICE: CDVDVideoCodecAndroidMediaCodec::Open Testing codec:OMX.SEC.mp3.dec
2020-05-28 11:30:25.965 T:26547  NOTICE: CDVDVideoCodecAndroidMediaCodec::Open Testing codec:OMX.SEC.wma.dec
2020-05-28 11:30:25.965 T:26547  NOTICE: CDVDVideoCodecAndroidMediaCodec::Open Testing codec:OMX.qcom.video.decoder.avc
2020-05-28 11:30:25.993 T:26547   DEBUG: CDVDVideoCodecAndroidMediaCodec::Open m_codecname(OMX.qcom.video.decoder.avc), colorFormat(2141391878)
2020-05-28 11:30:25.993 T:26547   DEBUG: CDVDVideoCodecAndroidMediaCodec::Open m_codecname(OMX.qcom.video.decoder.avc), colorFormat(2135033992)
2020-05-28 11:30:25.993 T:26547   DEBUG: CDVDVideoCodecAndroidMediaCodec::Open m_codecname(OMX.qcom.video.decoder.avc), colorFormat(2141391876)
2020-05-28 11:30:25.993 T:26547   DEBUG: CDVDVideoCodecAndroidMediaCodec::Open m_codecname(OMX.qcom.video.decoder.avc), colorFormat(21)
2020-05-28 11:30:25.993 T:26547   DEBUG: CDVDVideoCodecAndroidMediaCodec::Open m_codecname(OMX.qcom.video.decoder.avc), colorFormat(19)
2020-05-28 11:30:25.993 T:26547   DEBUG: CDVDVideoCodecAndroidMediaCodec::Open m_codecname(OMX.qcom.video.decoder.avc), colorFormat(2141391877)
2020-05-28 11:30:26.005 T:26552   DEBUG: AddOnLog: InputStream Adaptive: Download http://127.0.0.1:48996/play/V6_News/V6_News_1200-1590636586000.ts finished, avg speed: 347540.00byte/s, current speed: 347540.00byte/s
2020-05-28 11:30:26.021 T:26547   DEBUG: CDVDVideoCodecAndroidMediaCodec::InjectExtraData
2020-05-28 11:30:26.074 T:26547   DEBUG: CDVDVideoCodecAndroidMediaCodec:: width(768), height(576), stride(0), slice-height(0), color-format(0)
2020-05-28 11:30:26.074 T:26547   DEBUG: CDVDVideoCodecAndroidMediaCodec:: crop-left(0), crop-top(0), crop-right(767), crop-bottom(575)
2020-05-28 11:30:26.075 T:26547   DEBUG: CDVDVideoCodecAndroidMediaCodec:: Multi-Surface Rendering
2020-05-28 11:30:26.075 T:26547    INFO: CDVDVideoCodecAndroidMediaCodec:: Open Android MediaCodec OMX.qcom.video.decoder.avc
2020-05-28 11:30:26.075 T:26547   DEBUG: CDVDVideoCodecAndroidMediaCodec::UpdateFpsDuration fpsRate:50 fpsscale:2, fpsDur:40000
2020-05-28 11:30:26.075 T:26547   DEBUG: CVideoPlayerVideo::OpenStream - open stream with codec id: 27
2020-05-28 11:30:26.075 T:26547  NOTICE: Creating video thread
2020-05-28 11:30:26.075 T:26547  NOTICE: Opening stream: 1002 source: 256
2020-05-28 11:30:26.075 T:26547   DEBUG: AddOnLog: InputStream Adaptive: OpenStream(1002)
2020-05-28 11:30:26.079 T:26584   DEBUG: Thread VideoPlayerVideo start, auto delete: false
2020-05-28 11:30:26.079 T:26547   DEBUG: AddOnLog: InputStream Adaptive: GetStream(1002)
2020-05-28 11:30:26.079 T:26547  NOTICE: Finding audio codec for: 86018
2020-05-28 11:30:26.079 T:26547   DEBUG: CDVDAudioCodecAndroidMediaCodec::Open codec(86018), profile(-99), tag(0), extrasize(0)
2020-05-28 11:30:26.079 T:26547  NOTICE: CDVDAudioCodecAndroidMediaCodec: extradata required for aac decoder!
2020-05-28 11:30:26.080 T:26584  NOTICE: running thread: video_thread
2020-05-28 11:30:26.080 T:26584   DEBUG: CVideoPlayerVideo - CDVDMsg::GENERAL_PAUSE: 0
2020-05-28 11:30:26.080 T:26547  NOTICE: CDVDAudioCodecFFmpeg::Open() Successful opened audio decoder aac
2020-05-28 11:30:26.080 T:26547  NOTICE: Creating audio thread
2020-05-28 11:30:26.081 T:26586   DEBUG: Thread VideoPlayerAudio start, auto delete: false
2020-05-28 11:30:26.081 T:26586  NOTICE: running thread: CVideoPlayerAudio::Process()
2020-05-28 11:30:26.081 T:26586   DEBUG: CVideoPlayerAudio - CDVDMsg::GENERAL_PAUSE: 0
2020-05-28 11:30:26.081 T:26547   DEBUG: CVideoPlayer::SetCaching - caching state 2
2020-05-28 11:30:26.081 T:26547   DEBUG: CDVDClock::SetSpeedAdjust - adjusted:0.000000
2020-05-28 11:30:26.081 T:26547   DEBUG: CVideoPlayer::HandleMessages - player 2 reported state: 0
2020-05-28 11:30:26.082 T:26491   DEBUG: OnAVChange: CApplication::OnAVChange
2020-05-28 11:30:26.082 T:26547   DEBUG: CVideoPlayer::HandleMessages - player 1 reported state: 0
2020-05-28 11:30:26.082 T:26547   DEBUG: CDVDClock::SetSpeedAdjust - adjusted:-0.050000
2020-05-28 11:30:26.085 T:26584    INFO: CVideoPlayerVideo - Stillframe left, switching to normal playback
2020-05-28 11:30:26.085 T:26584   DEBUG: CDVDVideoCodecAndroidMediaCodec::AddData current state (2)
2020-05-28 11:30:26.091 T:26586   DEBUG: CDVDAudio::Pause - pausing audio stream
2020-05-28 11:30:26.092 T:26586   DEBUG: CVideoPlayerAudio: stream props changed, checking for passthrough
2020-05-28 11:30:26.092 T:26586   DEBUG: CDVDAudioCodecAndroidMediaCodec::Open codec(86018), profile(-99), tag(0), extrasize(0)
2020-05-28 11:30:26.092 T:26586  NOTICE: CDVDAudioCodecAndroidMediaCodec: extradata required for aac decoder!
2020-05-28 11:30:26.093 T:26586  NOTICE: CDVDAudioCodecFFmpeg::Open() Successful opened audio decoder aac
2020-05-28 11:30:26.093 T:26586   DEBUG: CVideoPlayerAudio: stream props changed, checking for passthrough
2020-05-28 11:30:26.093 T:26586   DEBUG: CDVDAudioCodecAndroidMediaCodec::Open codec(86018), profile(-99), tag(0), extrasize(0)
2020-05-28 11:30:26.093 T:26586  NOTICE: CDVDAudioCodecAndroidMediaCodec: extradata required for aac decoder!
2020-05-28 11:30:26.094 T:26586  NOTICE: CDVDAudioCodecFFmpeg::Open() Successful opened audio decoder aac
2020-05-28 11:30:26.094 T:26586  NOTICE: Creating audio stream (codec id: 86018, channels: 2, sample rate: 48000, no pass-through)
2020-05-28 11:30:26.094 T:26586   DEBUG: CVideoPlayerAudio:: synctype set to 1: resample
2020-05-28 11:30:26.110 T:23524   DEBUG: Inhibiting OS screen saver
2020-05-28 11:30:26.119 T:26547   DEBUG: CurlFile::Open(0x7a62ce9980) http://127.0.0.1:48996/play/V6_News/V6_News_JSRV13_1200.m3u8?maxq=1200
2020-05-28 11:30:26.121 T:26549   DEBUG: [urlquick] Requesting resource: http://ssrigcdnems02.cdnsrv.jio.com/jiotv.live.cdn.jio.com/V6_News/V6_News_JSRV13_1200.m3u8?jct=AA4-tUCNU2muByL9gbb-iQ&pxe=1590642626&st=9p-O_v1qIyd6E-rf8_gEOQ
2020-05-28 11:30:26.122 T:26549   DEBUG: [urlquick] Request headers: {u'Accept-language': u'en-gb,en-us,en', u'Accept-Encoding': u'gzip, deflate', u'Host': u'ssrigcdnems02.cdnsrv.jio.com', u'Accept': u'*/*', u'User-Agent': u'jiotv', u'Connection': u'keep-alive'}
2020-05-28 11:30:26.126 T:26584   DEBUG: CDVDVideoCodecAndroidMediaCodec::AddData current state (2)
2020-05-28 11:30:26.162 T:26584   DEBUG: CDVDVideoCodecAndroidMediaCodec:: width(768), height(576), stride(768), slice-height(576), color-format(2141391878)
2020-05-28 11:30:26.162 T:26584   DEBUG: CDVDVideoCodecAndroidMediaCodec:: crop-left(0), crop-top(0), crop-right(767), crop-bottom(575)
2020-05-28 11:30:26.162 T:26584   DEBUG: CDVDVideoCodecAndroidMediaCodec:: Multi-Surface Rendering
2020-05-28 11:30:26.164 T:26584   DEBUG: CRenderManager::Configure - change configuration. 768x576. display: 768x576. framerate: 25.00.
2020-05-28 11:30:26.173 T:23524   DEBUG: DeleteRenderer - deleting renderer
2020-05-28 11:30:26.173 T:23524   DEBUG: LinuxRendererGLES: Cleaning up GLES resources
2020-05-28 11:30:26.173 T:23524  NOTICE: Instancing CRendererMediaCodecSurface
2020-05-28 11:30:26.173 T:23524  NOTICE: CRendererMediaCodecSurface::Configure
2020-05-28 11:30:26.173 T:23524   DEBUG: CRenderManager::Configure - 4
2020-05-28 11:30:26.192 T:23535    INFO: CActiveAESink::OpenSink - initialize sink
2020-05-28 11:30:26.193 T:23535   DEBUG: Draining Audio
2020-05-28 11:30:26.193 T:23535   DEBUG: CAESinkAUDIOTRACK::Deinitialize
2020-05-28 11:30:26.196 T:23535   DEBUG: Flushing might not be properly implemented, sleeping: 158 ms
2020-05-28 11:30:26.354 T:23535   DEBUG: CAESinkAUDIOTRACK::Deinitialize
2020-05-28 11:30:26.354 T:23535   DEBUG: CActiveAESink::OpenSink - trying to open device AUDIOTRACK:AudioTrack
2020-05-28 11:30:26.354 T:23535   DEBUG: CAESinkAUDIOTRACK::Initialize requested: sampleRate 48000; format: AE_FMT_FLOATP; channels: 2
2020-05-28 11:30:26.354 T:23535   DEBUG: Updated SampleRate: 32000 Distance: 144000
2020-05-28 11:30:26.354 T:23535   DEBUG: Updated SampleRate: 44100 Distance: 35100
2020-05-28 11:30:26.354 T:23535   DEBUG: Updated SampleRate: 48000 Distance: 0
2020-05-28 11:30:26.354 T:23535  NOTICE: Trying to open: samplerate: 48000, channelMask: 12, encoding: 4
2020-05-28 11:30:26.356 T:23535   DEBUG: Minimum size we need for stream: 30784
2020-05-28 11:30:26.356 T:23535   DEBUG: Created Audiotrackbuffer with playing time of 160.333333 ms min buffer size: 61568 bytes
2020-05-28 11:30:26.366 T:23535  NOTICE: CAESinkAUDIOTRACK::Initializing with: m_sampleRate: 48000 format: AE_FMT_FLOAT (AE) method: PCM stream-type: PCM-STREAM min_buffer_size: 61568 m_frames: 3848 m_frameSize: 8 channels: 2
2020-05-28 11:30:26.366 T:23535   DEBUG: CActiveAESink::OpenSink - AUDIOTRACK Initialized:
2020-05-28 11:30:26.366 T:23535   DEBUG:   Output Device : android
2020-05-28 11:30:26.366 T:23535   DEBUG:   Sample Rate   : 48000
2020-05-28 11:30:26.367 T:23535   DEBUG:   Sample Format : AE_FMT_FLOAT
2020-05-28 11:30:26.367 T:23535   DEBUG:   Channel Count : 2
2020-05-28 11:30:26.367 T:23535   DEBUG:   Channel Layout: FL, FR
2020-05-28 11:30:26.367 T:23535   DEBUG:   Frames        : 3848
2020-05-28 11:30:26.367 T:23535   DEBUG:   Frame Size    : 8
2020-05-28 11:30:26.369 T:23534   DEBUG: CActiveAE::ClearDiscardedBuffers - buffer pool deleted
2020-05-28 11:30:27.140 T:26549   DEBUG: Previous line repeats 1 times.
2020-05-28 11:30:27.141 T:26549   DEBUG: [urlquick] Attempting to decode with default encoding: 'utf8'
2020-05-28 11:30:27.146 T:26549  NOTICE: [JioTV] Found 7 different keys
2020-05-28 11:30:27.147 T:26549   DEBUG: [JioTV] Using cached timestamp 1590632930000
2020-05-28 11:30:27.147 T:26549   DEBUG: [JioTV] Replacing old IV with 0x000000000000000000000172591C5AD0
2020-05-28 11:30:27.149 T:26549   DEBUG: [JioTV] Using cached timestamp 1590633530000
2020-05-28 11:30:27.150 T:26549   DEBUG: [JioTV] Replacing old IV with 0x00000000000000000000017259258290
2020-05-28 11:30:27.152 T:26549   DEBUG: [JioTV] Using cached timestamp 1590634132000
2020-05-28 11:30:27.152 T:26549   DEBUG: [JioTV] Replacing old IV with 0x000000000000000000000172592EB220
2020-05-28 11:30:27.155 T:26549   DEBUG: [JioTV] Using cached timestamp 1590634732000
2020-05-28 11:30:27.155 T:26549   DEBUG: [JioTV] Replacing old IV with 0x0000000000000000000001725937D9E0
2020-05-28 11:30:27.157 T:26549   DEBUG: [JioTV] Using cached timestamp 1590635332000
2020-05-28 11:30:27.158 T:26549   DEBUG: [JioTV] Replacing old IV with 0x000000000000000000000172594101A0
2020-05-28 11:30:27.160 T:26549   DEBUG: [JioTV] Using cached timestamp 1590635934000
2020-05-28 11:30:27.160 T:26549   DEBUG: [JioTV] Replacing old IV with 0x000000000000000000000172594A3130
2020-05-28 11:30:27.162 T:26549   DEBUG: [JioTV] Using cached timestamp 1590636530000
2020-05-28 11:30:27.163 T:26549   DEBUG: [JioTV] Replacing old IV with 0x00000000000000000000017259534950
2020-05-28 11:30:27.166 T:26549   ERROR: 127.0.0.1 - - [28/May/2020 11:30:27] "GET /play/V6_News/V6_News_JSRV13_1200.m3u8?maxq=1200 HTTP/1.1" 200 -
2020-05-28 11:30:27.174 T:26547   DEBUG: AddOnLog: InputStream Adaptive: Download http://127.0.0.1:48996/play/V6_News/V6_News_JSRV13_1200.m3u8?maxq=1200 finished
2020-05-28 11:30:27.176 T:26552   DEBUG: CurlFile::ParseAndCorrectUrl() adding custom header option 'connection: keep-alive'
2020-05-28 11:30:27.176 T:26552   DEBUG: CurlFile::Open(0x7a641d5e80) http://127.0.0.1:48996/play/V6_News/V6_News_1200-1590636590000.ts
2020-05-28 11:30:27.179 T:26549   DEBUG: [urlquick] Requesting resource: http://ssrigcdnems02.cdnsrv.jio.com/jiotv.live.cdn.jio.com/V6_News/V6_News_1200-1590636590000.ts
2020-05-28 11:30:27.179 T:26549   DEBUG: [urlquick] Request headers: {u'Host': u'ssrigcdnems02.cdnsrv.jio.com', u'Accept-language': u'en-gb,en-us,en', u'Connection': u'keep-alive', u'Accept': u'*/*', u'Accept-Encoding': u'gzip, deflate'}
2020-05-28 11:30:29.634 T:26549   DEBUG: [urlquick] Caching 200 OK response
2020-05-28 11:30:29.677 T:26549   ERROR: 127.0.0.1 - - [28/May/2020 11:30:29] "GET /play/V6_News/V6_News_1200-1590636590000.ts HTTP/1.1" 200 -
2020-05-28 11:30:29.679 T:26547   DEBUG: CVideoPlayer::HandleMessages - player started 2
2020-05-28 11:30:29.679 T:26547   DEBUG: CVideoPlayer::HandleMessages - player started 1
2020-05-28 11:30:29.680 T:26547   DEBUG: CDVDClock::SetSpeedAdjust - adjusted:0.000000
2020-05-28 11:30:29.680 T:26547   DEBUG: VideoPlayer::Sync - Audio - pts: 21656892000.000000, cache: 320000.022650, totalcache: 760333.359241
2020-05-28 11:30:29.680 T:26547   DEBUG: VideoPlayer::Sync - Video - pts: 21656689000.000000, cache: 50000.000000, totalcache: 100000.000000
2020-05-28 11:30:29.680 T:26586   DEBUG: CVideoPlayerAudio - CDVDMsg::GENERAL_RESYNC(21655731666.640759), level: 69, cache: 337913.737761
2020-05-28 11:30:29.680 T:26586   DEBUG: CDVDAudio::Resume - resume audio stream
2020-05-28 11:30:29.680 T:23534   DEBUG: ActiveAE - start sync of audio stream
2020-05-28 11:30:29.681 T:26490   DEBUG: OnAVChange: CApplication::OnAVChange
2020-05-28 11:30:29.681 T:26490   DEBUG: Previous line repeats 1 times.
2020-05-28 11:30:29.681 T:26490   DEBUG: OnAVStarted: CApplication::OnAVStarted
2020-05-28 11:30:29.684 T:26584   DEBUG: CVideoPlayerVideo - CDVDMsg::GENERAL_RESYNC(21655731666.640759)
2020-05-28 11:30:29.698 T:23524   DEBUG: Activating window ID: 12005
2020-05-28 11:30:29.698 T:23524   DEBUG: ------ Window Deinit (MyVideoNav.xml) ------
2020-05-28 11:30:29.699 T:23524   DEBUG: FreeVisualisation() done
2020-05-28 11:30:29.700 T:23524   DEBUG: ------ Window Init (VideoFullScreen.xml) ------
2020-05-28 11:30:29.705 T:26491   DEBUG: OnAVChange: CApplication::OnAVChange
2020-05-28 11:30:29.709 T:23524   DEBUG: ------ Window Deinit (DialogBusy.xml) ------
2020-05-28 11:30:29.727 T:26552   DEBUG: AddOnLog: InputStream Adaptive: Download http://127.0.0.1:48996/play/V6_News/V6_News_1200-1590636590000.ts finished, avg speed: 409035.41byte/s, current speed: 409340.00byte/s
2020-05-28 11:30:29.794 T:23534   DEBUG: ActiveAE::SyncStream - average error of 805.097526, start adjusting
2020-05-28 11:30:30.214 T:26584 WARNING: CRenderManager::WaitForBuffer - timeout waiting for buffer
2020-05-28 11:30:30.433 T:23534   DEBUG: ActiveAE::SyncStream - average error 8.737197, last average error: 805.097526
2020-05-28 11:30:30.535 T:23534   DEBUG: ActiveAE::SyncStream - average error of -3.519159, start adjusting
2020-05-28 11:30:30.535 T:23534   DEBUG: ActiveAE::SyncStream - average error -0.019159 below threshold of 30.000000
2020-05-28 11:30:32.525 T:26591   DEBUG: Thread Timer start, auto delete: false
2020-05-28 11:30:32.619 T:26591   DEBUG: Thread Timer 26591 terminating
2020-05-28 11:30:32.645 T:23524   DEBUG: ------ Window Init (VideoOSD.xml) ------
2020-05-28 11:30:32.650 T:23524   DEBUG: ------ Window Init (DialogSeekBar.xml) ------
2020-05-28 11:30:32.652 T:23524   DEBUG: ------ Window Init (Custom_1109_TopBarOverlay.xml) ------
2020-05-28 11:30:34.197 T:26547   DEBUG: CurlFile::Open(0x7a6418c100) http://127.0.0.1:48996/play/V6_News/V6_News_JSRV13_1200.m3u8?maxq=1200
2020-05-28 11:30:34.201 T:26549   DEBUG: [urlquick] Requesting resource: http://ssrigcdnems02.cdnsrv.jio.com/jiotv.live.cdn.jio.com/V6_News/V6_News_JSRV13_1200.m3u8?jct=bIC6oGQMEhmeAe51d19b0w&pxe=1590642634&st=9p-O_v1qIyd6E-rf8_gEOQ
2020-05-28 11:30:34.202 T:26549   DEBUG: [urlquick] Request headers: {u'Accept-language': u'en-gb,en-us,en', u'Accept-Encoding': u'gzip, deflate', u'Host': u'ssrigcdnems02.cdnsrv.jio.com', u'Accept': u'*/*', u'User-Agent': u'jiotv', u'Connection': u'keep-alive'}
2020-05-28 11:30:34.217 T:26593   DEBUG: Thread Timer start, auto delete: false
2020-05-28 11:30:34.280 T:26593   DEBUG: Thread Timer 26593 terminating
2020-05-28 11:30:34.306 T:23524   DEBUG: Unfocus WindowID: 12901, ControlID: 603
2020-05-28 11:30:34.306 T:23524  NOTICE: CVideoPlayer::CloseFile()
2020-05-28 11:30:34.306 T:23524   DEBUG: DeleteRenderer - deleting renderer
2020-05-28 11:30:34.307 T:23524  NOTICE: VideoPlayer: waiting for threads to exit
2020-05-28 11:30:34.803 T:26584 WARNING: CRenderManager::WaitForBuffer - timeout waiting for buffer
2020-05-28 11:30:35.221 T:26549   DEBUG: [urlquick] Attempting to decode with default encoding: 'utf8'
2020-05-28 11:30:35.228 T:26549  NOTICE: [JioTV] Found 7 different keys
2020-05-28 11:30:35.229 T:26549   DEBUG: [JioTV] Using cached timestamp 1590632930000
2020-05-28 11:30:35.229 T:26549   DEBUG: [JioTV] Replacing old IV with 0x000000000000000000000172591C5AD0
2020-05-28 11:30:35.231 T:26549   DEBUG: [JioTV] Using cached timestamp 1590633530000
2020-05-28 11:30:35.232 T:26549   DEBUG: [JioTV] Replacing old IV with 0x00000000000000000000017259258290
2020-05-28 11:30:35.234 T:26549   DEBUG: [JioTV] Using cached timestamp 1590634132000
2020-05-28 11:30:35.235 T:26549   DEBUG: [JioTV] Replacing old IV with 0x000000000000000000000172592EB220
2020-05-28 11:30:35.237 T:26549   DEBUG: [JioTV] Using cached timestamp 1590634732000
2020-05-28 11:30:35.238 T:26549   DEBUG: [JioTV] Replacing old IV with 0x0000000000000000000001725937D9E0
2020-05-28 11:30:35.240 T:26549   DEBUG: [JioTV] Using cached timestamp 1590635332000
2020-05-28 11:30:35.241 T:26549   DEBUG: [JioTV] Replacing old IV with 0x000000000000000000000172594101A0
2020-05-28 11:30:35.243 T:26549   DEBUG: [JioTV] Using cached timestamp 1590635934000
2020-05-28 11:30:35.243 T:26549   DEBUG: [JioTV] Replacing old IV with 0x000000000000000000000172594A3130
2020-05-28 11:30:35.246 T:26549   DEBUG: [JioTV] Using cached timestamp 1590636530000
2020-05-28 11:30:35.246 T:26549   DEBUG: [JioTV] Replacing old IV with 0x00000000000000000000017259534950
2020-05-28 11:30:35.249 T:26549   ERROR: 127.0.0.1 - - [28/May/2020 11:30:35] "GET /play/V6_News/V6_News_JSRV13_1200.m3u8?maxq=1200 HTTP/1.1" 200 -
2020-05-28 11:30:35.297 T:26547   DEBUG: AddOnLog: InputStream Adaptive: Download http://127.0.0.1:48996/play/V6_News/V6_News_JSRV13_1200.m3u8?maxq=1200 finished
2020-05-28 11:30:35.301 T:26552   DEBUG: CurlFile::ParseAndCorrectUrl() adding custom header option 'connection: keep-alive'
2020-05-28 11:30:35.301 T:26552   DEBUG: CurlFile::Open(0x7a641d5e80) http://127.0.0.1:48996/play/V6_News/V6_News_1200-1590636598000.ts
2020-05-28 11:30:35.306 T:26549   DEBUG: [urlquick] Requesting resource: http://ssrigcdnems02.cdnsrv.jio.com/jiotv.live.cdn.jio.com/V6_News/V6_News_1200-1590636598000.ts
2020-05-28 11:30:35.306 T:26549   DEBUG: [urlquick] Request headers: {u'Host': u'ssrigcdnems02.cdnsrv.jio.com', u'Accept-language': u'en-gb,en-us,en', u'Connection': u'keep-alive', u'Accept': u'*/*', u'Accept-Encoding': u'gzip, deflate'}
2020-05-28 11:30:37.484 T:26549   DEBUG: [urlquick] Caching 200 OK response
2020-05-28 11:30:37.540 T:26549   ERROR: 127.0.0.1 - - [28/May/2020 11:30:37] "GET /play/V6_News/V6_News_1200-1590636598000.ts HTTP/1.1" 200 -
2020-05-28 11:30:37.542 T:26547  NOTICE: CVideoPlayer::OnExit()
2020-05-28 11:30:37.543 T:26547  NOTICE: Closing stream player 1
2020-05-28 11:30:37.543 T:26547   DEBUG: AddOnLog: InputStream Adaptive: EnableStream(1002: false)
2020-05-28 11:30:37.543 T:26547  NOTICE: Waiting for audio thread to exit
2020-05-28 11:30:37.554 T:26552   DEBUG: AddOnLog: InputStream Adaptive: Download http://127.0.0.1:48996/play/V6_News/V6_News_1200-1590636598000.ts finished, avg speed: 377303.38byte/s, current speed: 368994.00byte/s
2020-05-28 11:30:37.578 T:26586  NOTICE: thread end: CVideoPlayerAudio::OnExit()
2020-05-28 11:30:37.578 T:26586   DEBUG: Thread VideoPlayerAudio 26586 terminating
2020-05-28 11:30:37.579 T:26547  NOTICE: Closing audio device
2020-05-28 11:30:37.595 T:26547   DEBUG: CDVDAudio::Flush - flush audio stream
2020-05-28 11:30:37.595 T:23534   DEBUG: CActiveAE::DiscardStream - audio stream deleted
2020-05-28 11:30:37.596 T:23534   DEBUG: CActiveAE::ClearDiscardedBuffers - buffer pool deleted
2020-05-28 11:30:37.597 T:26547   DEBUG: Previous line repeats 2 times.
2020-05-28 11:30:37.597 T:26547  NOTICE: Deleting audio codec
2020-05-28 11:30:37.597 T:26547  NOTICE: Closing stream player 2
2020-05-28 11:30:37.597 T:26547   DEBUG: AddOnLog: InputStream Adaptive: EnableStream(1001: false)
2020-05-28 11:30:37.598 T:26547  NOTICE: waiting for video thread to exit
2020-05-28 11:30:37.598 T:23535    INFO: CActiveAESink::OpenSink - initialize sink
2020-05-28 11:30:37.598 T:23535   DEBUG: Draining Audio
2020-05-28 11:30:37.599 T:23535   DEBUG: CAESinkAUDIOTRACK::Deinitialize
2020-05-28 11:30:37.603 T:23535   DEBUG: Flushing might not be properly implemented, sleeping: 157 ms
2020-05-28 11:30:37.626 T:26584  NOTICE: thread end: video_thread
2020-05-28 11:30:37.626 T:26584   DEBUG: Thread VideoPlayerVideo 26584 terminating
2020-05-28 11:30:37.627 T:26547  NOTICE: deleting video codec
2020-05-28 11:30:37.627 T:26547   DEBUG: CDVDVideoCodecAndroidMediaCodec::SignalEndOfStream: state: 3
2020-05-28 11:30:37.627 T:26547   DEBUG: CDVDVideoCodecAndroidMediaCodec::SignalEndOfStream: ReleaseMediaCodecBuffers
2020-05-28 11:30:37.628 T:26547   DEBUG: CDVDVideoCodecAndroidMediaCodec::SignalEndOfStream: BUFFER_FLAG_END_OF_STREAM send
2020-05-28 11:30:37.659 T:26547   DEBUG: CMediaCodecVideoBufferPool::~CMediaCodecVideoBufferPool Releasing 5 buffers
2020-05-28 11:30:37.660 T:26547   DEBUG: AddOnLog: InputStream Adaptive: Close()
2020-05-28 11:30:37.660 T:26547   DEBUG: AddOnLog: InputStream Adaptive: Session::~Session()
2020-05-28 11:30:37.661 T:26547   DEBUG: SECTION:UnloadDll(/data/app/org.xbmc.kodi-Bn9K9jerHJHxpVGnxrhqiA==/lib/arm64/libinputstream.adaptive.so)
2020-05-28 11:30:37.665 T:26547    INFO: ADDON: Dll Destroyed - InputStream Adaptive
2020-05-28 11:30:37.666 T:23524  NOTICE: VideoPlayer: finished waiting
2020-05-28 11:30:37.666 T:23524  NOTICE: CVideoPlayer::CloseFile()
2020-05-28 11:30:37.666 T:23524  NOTICE: VideoPlayer: waiting for threads to exit
2020-05-28 11:30:37.666 T:26547   DEBUG: Thread VideoPlayer 26547 terminating
2020-05-28 11:30:37.667 T:23524  NOTICE: VideoPlayer: finished waiting
2020-05-28 11:30:37.668 T:23524   DEBUG: Radio UECP (RDS) Processor - delete ~CDVDRadioRDSData
2020-05-28 11:30:37.672 T:26490   DEBUG: DoWork - Saving file state for video item plugin://plugin.video.jiotv/resources/lib/main/play/?_pickle_=80027d71005802000000647471017d710228580500000070726f746f71035803000000686c73710458040000007055726c71055839000000687474703a2f2f3132372e302e302e313a34383939362f706c61792f56365f4e6577732f6d61737465722e6d3375383f6d6178713d31323030710658050000006c6162656c710758070000005636204e65777371085805000000634c6f676f7109580b00000056365f4e6577732e706e67710a580400000063496d67710b584f00000068747470733a2f2f6a696f696d616765732e63646e2e6a696f2e636f6d2f696d616765737075626c69632f32362f32312f56364e6577735f313537343639323737323632385f70726f6d6f2e6a7067710c75732e
2020-05-28 11:30:37.683 T:26490   DEBUG: DoWork - Marking video item plugin://plugin.video.jiotv/resources/lib/main/play/?_pickle_=80027d71005802000000647471017d710228580500000070726f746f71035803000000686c73710458040000007055726c71055839000000687474703a2f2f3132372e302e302e313a34383939362f706c61792f56365f4e6577732f6d61737465722e6d3375383f6d6178713d31323030710658050000006c6162656c710758070000005636204e65777371085805000000634c6f676f7109580b00000056365f4e6577732e706e67710a580400000063496d67710b584f00000068747470733a2f2f6a696f696d616765732e63646e2e6a696f2e636f6d2f696d616765737075626c69632f32362f32312f56364e6577735f313537343639323737323632385f70726f6d6f2e6a7067710c75732e as watched
2020-05-28 11:30:37.728 T:26501   DEBUG: OnPlayBackStopped: CApplication::OnPlayBackStopped
2020-05-28 11:30:37.739 T:23524   DEBUG: CGUIWindowManager::PreviousWindow: Deactivate
2020-05-28 11:30:37.740 T:23524   DEBUG: ------ Window Deinit (VideoOSD.xml) ------
2020-05-28 11:30:37.740 T:23524   DEBUG: ------ Window Deinit (VideoFullScreen.xml) ------
2020-05-28 11:30:37.742 T:23529   DEBUG: void CXBMCApp::OnPlayBackStopped()
2020-05-28 11:30:37.746 T:23524   DEBUG: CGUIWindowManager::PreviousWindow: Activate new
2020-05-28 11:30:37.746 T:23524   DEBUG: ------ Window Init (MyVideoNav.xml) ------
2020-05-28 11:30:37.750 T:23524   ERROR: Control 55 in window 10025 has been asked to focus, but it can't
2020-05-28 11:30:37.752 T:23524   DEBUG: Uninhibiting OS screen saver
2020-05-28 11:30:37.760 T:23535   DEBUG: CAESinkAUDIOTRACK::Deinitialize
2020-05-28 11:30:37.760 T:23535   DEBUG: CActiveAESink::OpenSink - trying to open device AUDIOTRACK:AudioTrack
2020-05-28 11:30:37.760 T:23535   DEBUG: CAESinkAUDIOTRACK::Initialize requested: sampleRate 44100; format: AE_FMT_FLOAT; channels: 2
2020-05-28 11:30:37.765 T:23535   DEBUG: Updated SampleRate: 32000 Distance: 108900
2020-05-28 11:30:37.765 T:23535   DEBUG: Updated SampleRate: 44100 Distance: 0
2020-05-28 11:30:37.765 T:23535  NOTICE: Trying to open: samplerate: 44100, channelMask: 12, encoding: 4
2020-05-28 11:30:37.767 T:23535   DEBUG: Minimum size we need for stream: 28352
2020-05-28 11:30:37.767 T:23535   DEBUG: Created Audiotrackbuffer with playing time of 160.725624 ms min buffer size: 56704 bytes
2020-05-28 11:30:37.782 T:23535  NOTICE: CAESinkAUDIOTRACK::Initializing with: m_sampleRate: 44100 format: AE_FMT_FLOAT (AE) method: PCM stream-type: PCM-STREAM min_buffer_size: 56704 m_frames: 3544 m_frameSize: 8 channels: 2
2020-05-28 11:30:37.782 T:23535   DEBUG: CActiveAESink::OpenSink - AUDIOTRACK Initialized:
2020-05-28 11:30:37.782 T:23535   DEBUG:   Output Device : android
2020-05-28 11:30:37.782 T:23535   DEBUG:   Sample Rate   : 44100
2020-05-28 11:30:37.782 T:23535   DEBUG:   Sample Format : AE_FMT_FLOAT
2020-05-28 11:30:37.782 T:23535   DEBUG:   Channel Count : 2
2020-05-28 11:30:37.782 T:23535   DEBUG:   Channel Layout: FL, FR
2020-05-28 11:30:37.782 T:23535   DEBUG:   Frames        : 3544
2020-05-28 11:30:37.782 T:23535   DEBUG:   Frame Size    : 8
2020-05-28 11:30:37.784 T:23534   DEBUG: CActiveAE::ClearDiscardedBuffers - buffer pool deleted
2020-05-28 11:30:37.889 T:23524   DEBUG: Previous line repeats 1 times.
2020-05-28 11:30:37.889 T:23524   DEBUG: ------ Window Deinit (DialogSeekBar.xml) ------
2020-05-28 11:30:37.917 T:23524   DEBUG: ------ Window Deinit (Custom_1109_TopBarOverlay.xml) ------
2020-05-28 11:30:37.926 T:23524   DEBUG: CGUIMediaWindow::GetDirectory (plugin://plugin.video.jiotv/resources/lib/main/show_category/?_pickle_=80027d71002855075f7469746c655f7101580600000054656c7567757102580b00000063617465676f72795f69647103580600000054656c756775710458020000006279710558090000004c616e6775616765737106752e)
2020-05-28 11:30:37.926 T:23524   DEBUG:   ParentPath = [plugin://plugin.video.jiotv/resources/lib/main/show_category/?_pickle_=80027d71002855075f7469746c655f7101580600000054656c7567757102580b00000063617465676f72795f69647103580600000054656c756775710458020000006279710558090000004c616e6775616765737106752e]
2020-05-28 11:30:37.927 T:26599   DEBUG: Thread waiting start, auto delete: false
2020-05-28 11:30:37.940 T:26491   DEBUG: CAddonDatabase::SetLastUsed[plugin.video.jiotv] took 14 ms
2020-05-28 11:30:37.942 T:26599   DEBUG: StartScript - calling plugin JioTV('plugin://plugin.video.jiotv/resources/lib/main/show_category/','4','?_pickle_=80027d71002855075f7469746c655f7101580600000054656c7567757102580b00000063617465676f72795f69647103580600000054656c756775710458020000006279710558090000004c616e6775616765737106752e','resume:false')
2020-05-28 11:30:37.942 T:26599   DEBUG: GetLanguageInvoker - Reusing LanguageInvokerThread 9 for script /storage/emulated/0/Android/data/org.xbmc.kodi/files/.kodi/addons/plugin.video.jiotv/addon.py
2020-05-28 11:30:37.942 T:25321    INFO: initializing python engine.
2020-05-28 11:30:37.943 T:25321   DEBUG: CPythonInvoker(9, /storage/emulated/0/Android/data/org.xbmc.kodi/files/.kodi/addons/plugin.video.jiotv/addon.py): start processing
2020-05-28 11:30:37.943 T:25321   DEBUG: CPythonInvoker(9, /storage/emulated/0/Android/data/org.xbmc.kodi/files/.kodi/addons/plugin.video.jiotv/addon.py): entering source directory /storage/emulated/0/Android/data/org.xbmc.kodi/files/.kodi/addons/plugin.video.jiotv
2020-05-28 11:30:37.943 T:25321   DEBUG: CPythonInvoker(9, /storage/emulated/0/Android/data/org.xbmc.kodi/files/.kodi/addons/plugin.video.jiotv/addon.py): instantiating addon using automatically obtained id of "plugin.video.jiotv" dependent on version 2.25.0 of the xbmc.python api
2020-05-28 11:30:37.945 T:25321   DEBUG: [JioTV.support] Dispatching to route: '/resources/lib/main/show_category/'
2020-05-28 11:30:37.945 T:25321   DEBUG: [JioTV.support] Callback parameters: '{u'category_id': u'Telugu', u'by': u'Languages'}'
2020-05-28 11:30:37.946 T:25321   DEBUG: [urlquick] Requesting resource: https://raw.githubusercontent.com/botallen/repository.botallen/master/plugin.video.jiotv/resources/extra/channels.json
2020-05-28 11:30:37.947 T:25321   DEBUG: [urlquick] Request headers: {u'Host': u'raw.githubusercontent.com', u'Accept-language': u'en-gb,en-us,en', u'Connection': u'keep-alive', u'Accept': u'*/*', u'Accept-Encoding': u'gzip, deflate'}
2020-05-28 11:30:37.951 T:25321   DEBUG: [urlquick] Cache is fresh, returning cached response
2020-05-28 11:30:38.027 T:23524   DEBUG: ------ Window Init (DialogBusy.xml) ------
2020-05-28 11:30:38.172 T:25321   DEBUG: [JioTV.route] Content-type: videos
2020-05-28 11:30:38.181 T:25321   DEBUG: [JioTV.support] Route Execution Time: 235ms
2020-05-28 11:30:38.181 T:25321    INFO: CPythonInvoker(9, /storage/emulated/0/Android/data/org.xbmc.kodi/files/.kodi/addons/plugin.video.jiotv/addon.py): script successfully run
2020-05-28 11:30:38.210 T:26599   DEBUG: Thread waiting 26599 terminating
2020-05-28 11:30:38.220 T:23524   DEBUG: ------ Window Deinit (DialogBusy.xml) ------
2020-05-28 11:30:38.260 T:26600   DEBUG: Thread BackgroundLoader start, auto delete: false
2020-05-28 11:30:38.268 T:26600   DEBUG: Thread BackgroundLoader 26600 terminating
2020-05-28 11:30:38.281 T:26500   DEBUG: ffmpeg[7A7229E4F0]: [swscaler] No accelerated colorspace conversion found from yuv420p to bgra.
2020-05-28 11:30:38.287 T:26491   DEBUG: ffmpeg[7A7249A4F0]: [swscaler] No accelerated colorspace conversion found from yuv420p to bgra.
2020-05-28 11:30:40.896 T:26601   DEBUG: Thread Timer start, auto delete: false
2020-05-28 11:30:40.910 T:26491   DEBUG: ffmpeg[7A7249A4F0]: [swscaler] No accelerated colorspace conversion found from yuv420p to bgra.
2020-05-28 11:30:40.911 T:26501   DEBUG: ffmpeg[7A721A04F0]: [swscaler] No accelerated colorspace conversion found from yuv420p to bgra.
2020-05-28 11:30:40.947 T:26601   DEBUG: Thread Timer 26601 terminating
2020-05-28 11:30:41.007 T:26490   DEBUG: ffmpeg[7A725984F0]: [swscaler] No accelerated colorspace conversion found from yuv420p to bgra.
2020-05-28 11:30:41.197 T:26500   DEBUG: Previous line repeats 1 times.
2020-05-28 11:30:41.197 T:26500   DEBUG: ffmpeg[7A7229E4F0]: [swscaler] No accelerated colorspace conversion found from yuv420p to bgra.
2020-05-28 11:30:41.198 T:26490   DEBUG: ffmpeg[7A725984F0]: [swscaler] No accelerated colorspace conversion found from yuv420p to bgra.
2020-05-28 11:30:42.186 T:26501   DEBUG: ffmpeg[7A721A04F0]: [swscaler] No accelerated colorspace conversion found from yuv420p to bgra.
2020-05-28 11:30:42.196 T:26491   DEBUG: ffmpeg[7A7249A4F0]: [swscaler] No accelerated colorspace conversion found from yuv420p to bgra.
2020-05-28 11:30:42.408 T:23524   DEBUG: Unfocus WindowID: 10025, ControlID: 55
2020-05-28 11:30:42.409 T:23524   DEBUG: CheckForInertialScrolling: Avg touch velocity: 50.185856,313.146484 up to and including touch at 192 ms ago
2020-05-28 11:30:42.938 T:26602   DEBUG: Thread Timer start, auto delete: false
2020-05-28 11:30:42.991 T:26602   DEBUG: Thread Timer 26602 terminating
2020-05-28 11:30:43.208 T:26500   DEBUG: ffmpeg[7A7229E4F0]: [swscaler] No accelerated colorspace conversion found from yuv420p to bgra.
2020-05-28 11:30:43.208 T:26490   DEBUG: ffmpeg[7A725984F0]: [swscaler] No accelerated colorspace conversion found from yuv420p to bgra.
2020-05-28 11:30:43.320 T:26491   DEBUG: ffmpeg[7A7249A4F0]: [swscaler] No accelerated colorspace conversion found from yuv420p to bgra.
2020-05-28 11:30:43.322 T:26501   DEBUG: ffmpeg[7A721A04F0]: [swscaler] No accelerated colorspace conversion found from yuv420p to bgra.
2020-05-28 11:30:43.391 T:26491   DEBUG: Previous line repeats 1 times.
2020-05-28 11:30:43.391 T:26491   DEBUG: ffmpeg[7A7249A4F0]: [swscaler] No accelerated colorspace conversion found from yuv420p to bgra.
2020-05-28 11:30:43.652 T:26490   DEBUG: ffmpeg[7A725984F0]: [swscaler] No accelerated colorspace conversion found from yuv420p to bgra.
2020-05-28 11:30:43.658 T:26501   DEBUG: ffmpeg[7A721A04F0]: [swscaler] No accelerated colorspace conversion found from yuv420p to bgra.
2020-05-28 11:30:44.002 T:23524   DEBUG: Unfocus WindowID: 10025, ControlID: 55
2020-05-28 11:30:44.003 T:23524   DEBUG: CheckForInertialScrolling: Avg touch velocity: 57.422543,163.573807 up to and including touch at 192 ms ago
2020-05-28 11:30:44.620 T:26603   DEBUG: Thread Timer start, auto delete: false
2020-05-28 11:30:44.667 T:26603   DEBUG: Thread Timer 26603 terminating
2020-05-28 11:30:45.049 T:26500   DEBUG: ffmpeg[7A7229E4F0]: [swscaler] No accelerated colorspace conversion found from yuv420p to bgra.
2020-05-28 11:30:45.054 T:26501   DEBUG: ffmpeg[7A721A04F0]: [swscaler] No accelerated colorspace conversion found from yuv420p to bgra.
2020-05-28 11:30:45.134 T:26500   DEBUG: ffmpeg[7A7229E4F0]: [swscaler] No accelerated colorspace conversion found from yuv420p to bgra.
2020-05-28 11:30:45.137 T:26491   DEBUG: ffmpeg[7A7249A4F0]: [swscaler] No accelerated colorspace conversion found from yuv420p to bgra.
2020-05-28 11:30:46.357 T:26490   DEBUG: ffmpeg[7A725984F0]: [swscaler] No accelerated colorspace conversion found from yuv420p to bgra.
2020-05-28 11:30:46.363 T:26500   DEBUG: ffmpeg[7A7229E4F0]: [swscaler] No accelerated colorspace conversion found from yuv420p to bgra.
2020-05-28 11:30:46.547 T:26490   DEBUG: Previous line repeats 1 times.
2020-05-28 11:30:46.547 T:26490   DEBUG: ffmpeg[7A725984F0]: [swscaler] No accelerated colorspace conversion found from yuv420p to bgra.
2020-05-28 11:30:46.659 T:23524   DEBUG: Unfocus WindowID: 10025, ControlID: 55
2020-05-28 11:30:46.659 T:23524   DEBUG: CheckForInertialScrolling: Avg touch velocity: 181.828247,-575.002014 up to and including touch at 192 ms ago
2020-05-28 11:30:46.721 T:26491   DEBUG: ffmpeg[7A7249A4F0]: [swscaler] No accelerated colorspace conversion found from yuv420p to bgra.
2020-05-28 11:30:46.724 T:26501   DEBUG: ffmpeg[7A721A04F0]: [swscaler] No accelerated colorspace conversion found from yuv420p to bgra.
2020-05-28 11:30:47.067 T:26500   DEBUG: ffmpeg[7A7229E4F0]: [swscaler] No accelerated colorspace conversion found from yuv420p to bgra.
2020-05-28 11:30:47.077 T:26501   DEBUG: ffmpeg[7A721A04F0]: [swscaler] No accelerated colorspace conversion found from yuv420p to bgra.
2020-05-28 11:30:47.340 T:26604   DEBUG: Thread Timer start, auto delete: false
2020-05-28 11:30:47.407 T:26604   DEBUG: Thread Timer 26604 terminating
2020-05-28 11:30:48.149 T:26491   DEBUG: ffmpeg[7A7249A4F0]: [swscaler] No accelerated colorspace conversion found from yuv420p to bgra.
2020-05-28 11:30:48.152 T:26500   DEBUG: ffmpeg[7A7229E4F0]: [swscaler] No accelerated colorspace conversion found from yuv420p to bgra.
2020-05-28 11:30:48.785 T:23524   DEBUG: Unfocus WindowID: 10025, ControlID: 55
2020-05-28 11:30:48.785 T:23524   DEBUG: CheckForInertialScrolling: Avg touch velocity: 34.095745,-75.896545 up to and including touch at 192 ms ago
2020-05-28 11:30:49.826 T:26606   DEBUG: Thread Timer start, auto delete: false
2020-05-28 11:30:49.871 T:26490   DEBUG: ffmpeg[7A725984F0]: [swscaler] No accelerated colorspace conversion found from yuv420p to bgra.
2020-05-28 11:30:49.874 T:26491   DEBUG: ffmpeg[7A7249A4F0]: [swscaler] No accelerated colorspace conversion found from yuv420p to bgra.
2020-05-28 11:30:49.998 T:26606   DEBUG: Thread Timer 26606 terminating
2020-05-28 11:30:50.015 T:23524   DEBUG: Unfocus WindowID: 10025, ControlID: 55
2020-05-28 11:30:50.023 T:23524   DEBUG: OnPlayMedia plugin://plugin.video.jiotv/resources/lib/main/play/?_pickle_=80027d71005802000000647471017d710228580500000070726f746f71035803000000686c73710458040000007055726c71055847000000687474703a2f2f3132372e302e302e313a34383939362f706c61792f41424e5f416e646872615f4a796f7468695f4254532f6d61737465722e6d3375383f6d6178713d31323030710658050000006c6162656c7107581100000041424e20416e64687261204a796f74686971085805000000634c6f676f7109581500000041424e5f416e646872615f4a796f7468692e706e67710a580400000063496d67710b585800000068747470733a2f2f6a696f696d616765732e63646e2e6a696f2e636f6d2f696d616765737075626c69632f37302f38352f41424e416e646872614a796f7468695f313538333431303539363832315f70726f6d6f2e6a7067710c75732e
2020-05-28 11:30:50.025 T:23524   DEBUG: StartScript - calling plugin JioTV('plugin://plugin.video.jiotv/resources/lib/main/play/','4','?_pickle_=80027d71005802000000647471017d710228580500000070726f746f71035803000000686c73710458040000007055726c71055847000000687474703a2f2f3132372e302e302e313a34383939362f706c61792f41424e5f416e646872615f4a796f7468695f4254532f6d61737465722e6d3375383f6d6178713d31323030710658050000006c6162656c7107581100000041424e20416e64687261204a796f74686971085805000000634c6f676f7109581500000041424e5f416e646872615f4a796f7468692e706e67710a580400000063496d67710b585800000068747470733a2f2f6a696f696d616765732e63646e2e6a696f2e636f6d2f696d616765737075626c69632f37302f38352f41424e416e646872614a796f7468695f313538333431303539363832315f70726f6d6f2e6a7067710c75732e','resume:false')
2020-05-28 11:30:50.025 T:23524   DEBUG: GetLanguageInvoker - Reusing LanguageInvokerThread 9 for script /storage/emulated/0/Android/data/org.xbmc.kodi/files/.kodi/addons/plugin.video.jiotv/addon.py
2020-05-28 11:30:50.025 T:25321    INFO: initializing python engine.
2020-05-28 11:30:50.025 T:25321   DEBUG: CPythonInvoker(9, /storage/emulated/0/Android/data/org.xbmc.kodi/files/.kodi/addons/plugin.video.jiotv/addon.py): start processing
2020-05-28 11:30:50.025 T:25321   DEBUG: CPythonInvoker(9, /storage/emulated/0/Android/data/org.xbmc.kodi/files/.kodi/addons/plugin.video.jiotv/addon.py): entering source directory /storage/emulated/0/Android/data/org.xbmc.kodi/files/.kodi/addons/plugin.video.jiotv
2020-05-28 11:30:50.025 T:25321   DEBUG: CPythonInvoker(9, /storage/emulated/0/Android/data/org.xbmc.kodi/files/.kodi/addons/plugin.video.jiotv/addon.py): instantiating addon using automatically obtained id of "plugin.video.jiotv" dependent on version 2.25.0 of the xbmc.python api
2020-05-28 11:30:50.027 T:25321   DEBUG: [JioTV.support] Dispatching to route: '/resources/lib/main/play/'
2020-05-28 11:30:50.027 T:25321   DEBUG: [JioTV.support] Callback parameters: '{u'dt': {u'cLogo': u'ABN_Andhra_Jyothi.png', u'pUrl': u'http://127.0.0.1:48996/play/ABN_Andhra_Jyothi_BTS/master.m3u8?maxq=1200', u'cImg': u'https://jioimages.cdn.jio.com/imagespublic/70/85/ABNAndhraJyothi_1583410596821_promo.jpg', u'label': u'ABN Andhra Jyothi', u'proto': u'hls'}}'
2020-05-28 11:30:50.029 T:25321   DEBUG: [script.module.inputstreamhelper] Platform information: ('Linux', 'localhost', '4.9.112-16982790', '#2 SMP PREEMPT Thu Mar 26 11:37:15 KST 2020', 'aarch64', '')
2020-05-28 11:30:50.030 T:25321   DEBUG: [script.module.inputstreamhelper] inputstream.adaptive is installed.
2020-05-28 11:30:50.031 T:25321   DEBUG: [script.module.inputstreamhelper] inputstream.adaptive 2.4.3 is enabled.
2020-05-28 11:30:50.031 T:25321   DEBUG: [script.module.inputstreamhelper] inputstream.adaptive 2.4.3 is installed and enabled.
2020-05-28 11:30:50.045 T:26607   DEBUG: Thread scriptobs start, auto delete: false
2020-05-28 11:30:50.246 T:23524   DEBUG: ------ Window Init (DialogBusy.xml) ------
2020-05-28 11:30:50.249 T:25321   DEBUG: [JioTV.listitem] Ignoring empty property: 'inputstream.adaptive.license_key'
2020-05-28 11:30:50.252 T:25321   DEBUG: [JioTV.listitem] Ignoring empty property: 'inputstream.adaptive.license_type'
2020-05-28 11:30:50.252 T:25321   DEBUG: [JioTV.listitem] Ignoring empty property: 'inputstream.adaptive.stream_headers'
2020-05-28 11:30:50.297 T:25321   DEBUG: [JioTV.resolver] Resolved Url: http://127.0.0.1:48996/play/ABN_Andhra_Jyothi_BTS/master.m3u8?maxq=1200
2020-05-28 11:30:50.298 T:25321   DEBUG: [JioTV.support] Route Execution Time: 270ms
2020-05-28 11:30:50.298 T:25321    INFO: CPythonInvoker(9, /storage/emulated/0/Android/data/org.xbmc.kodi/files/.kodi/addons/plugin.video.jiotv/addon.py): script successfully run
2020-05-28 11:30:50.308 T:23524   DEBUG: ------ Window Deinit (DialogBusy.xml) ------
2020-05-28 11:30:50.309 T:26607   DEBUG: Thread scriptobs 26607 terminating
2020-05-28 11:30:50.318 T:23524   DEBUG: CPlayerCoreFactory::GetPlayers(http://127.0.0.1:48996/play/ABN_Andhra_Jyothi_BTS/master.m3u8?maxq=1200)
2020-05-28 11:30:50.319 T:23524   DEBUG: CPlayerSelectionRule::GetPlayers: considering rule: system rules
2020-05-28 11:30:50.319 T:23524   DEBUG: CPlayerSelectionRule::GetPlayers: matches rule: system rules
2020-05-28 11:30:50.319 T:23524   DEBUG: CPlayerSelectionRule::GetPlayers: considering rule: mms/udp
2020-05-28 11:30:50.319 T:23524   DEBUG: CPlayerSelectionRule::GetPlayers: considering rule: lastfm/shout
2020-05-28 11:30:50.319 T:23524   DEBUG: CPlayerSelectionRule::GetPlayers: considering rule: rtmp
2020-05-28 11:30:50.319 T:23524   DEBUG: CPlayerSelectionRule::GetPlayers: considering rule: rtsp
2020-05-28 11:30:50.319 T:23524   DEBUG: CPlayerSelectionRule::GetPlayers: considering rule: streams
2020-05-28 11:30:50.319 T:23524   DEBUG: CPlayerSelectionRule::GetPlayers: matches rule: streams
2020-05-28 11:30:50.319 T:23524   DEBUG: CPlayerSelectionRule::GetPlayers: considering rule: aacp/sdp
